Component: ARM Compiler 6.15 Tool: armlink [5dd79300]

==============================================================================

Section Cross References

    main.o(.ARM.exidx.text.GPIODirModeSet) refers to main.o(.text.GPIODirModeSet) for [Anonymous Symbol]
    main.o(.ARM.exidx.text.GPIODirModeGet) refers to main.o(.text.GPIODirModeGet) for [Anonymous Symbol]
    main.o(.ARM.exidx.text.GPIOIntTypeSet) refers to main.o(.text.GPIOIntTypeSet) for [Anonymous Symbol]
    main.o(.ARM.exidx.text.GPIOIntTypeGet) refers to main.o(.text.GPIOIntTypeGet) for [Anonymous Symbol]
    main.o(.ARM.exidx.text.GPIOPadConfigSet) refers to main.o(.text.GPIOPadConfigSet) for [Anonymous Symbol]
    main.o(.ARM.exidx.text.GPIOPadConfigGet) refers to main.o(.text.GPIOPadConfigGet) for [Anonymous Symbol]
    main.o(.ARM.exidx.text.GPIOIntEnable) refers to main.o(.text.GPIOIntEnable) for [Anonymous Symbol]
    main.o(.ARM.exidx.text.GPIOIntDisable) refers to main.o(.text.GPIOIntDisable) for [Anonymous Symbol]
    main.o(.ARM.exidx.text.GPIOIntStatus) refers to main.o(.text.GPIOIntStatus) for [Anonymous Symbol]
    main.o(.ARM.exidx.text.GPIOIntClear) refers to main.o(.text.GPIOIntClear) for [Anonymous Symbol]
    main.o(.text.GPIOIntRegister) refers to main.o(.rodata.g_ppui32GPIOIntMapBlizzard) for g_ppui32GPIOIntMapBlizzard
    main.o(.text.GPIOIntRegister) refers to main.o(.rodata.g_ppui32GPIOIntMapSnowflake) for g_ppui32GPIOIntMapSnowflake
    main.o(.text.GPIOIntRegister) refers to interrupt.o(i.IntRegister) for IntRegister
    main.o(.text.GPIOIntRegister) refers to interrupt.o(i.IntEnable) for IntEnable
    main.o(.ARM.exidx.text.GPIOIntRegister) refers to main.o(.text.GPIOIntRegister) for [Anonymous Symbol]
    main.o(.text.GPIOIntUnregister) refers to main.o(.rodata.g_ppui32GPIOIntMapSnowflake) for g_ppui32GPIOIntMapSnowflake
    main.o(.text.GPIOIntUnregister) refers to main.o(.rodata.g_ppui32GPIOIntMapBlizzard) for g_ppui32GPIOIntMapBlizzard
    main.o(.text.GPIOIntUnregister) refers to interrupt.o(i.IntDisable) for IntDisable
    main.o(.text.GPIOIntUnregister) refers to interrupt.o(i.IntUnregister) for IntUnregister
    main.o(.ARM.exidx.text.GPIOIntUnregister) refers to main.o(.text.GPIOIntUnregister) for [Anonymous Symbol]
    main.o(.text.GPIOIntRegisterPin) refers to main.o(.rodata.g_ppui32GPIOIntMapSnowflake) for g_ppui32GPIOIntMapSnowflake
    main.o(.text.GPIOIntRegisterPin) refers to main.o(.rodata.g_ppui32GPIOIntMapBlizzard) for g_ppui32GPIOIntMapBlizzard
    main.o(.text.GPIOIntRegisterPin) refers to interrupt.o(i.IntRegister) for IntRegister
    main.o(.text.GPIOIntRegisterPin) refers to interrupt.o(i.IntEnable) for IntEnable
    main.o(.ARM.exidx.text.GPIOIntRegisterPin) refers to main.o(.text.GPIOIntRegisterPin) for [Anonymous Symbol]
    main.o(.text.GPIOIntUnregisterPin) refers to main.o(.rodata.g_ppui32GPIOIntMapBlizzard) for g_ppui32GPIOIntMapBlizzard
    main.o(.text.GPIOIntUnregisterPin) refers to main.o(.rodata.g_ppui32GPIOIntMapSnowflake) for g_ppui32GPIOIntMapSnowflake
    main.o(.text.GPIOIntUnregisterPin) refers to interrupt.o(i.IntDisable) for IntDisable
    main.o(.text.GPIOIntUnregisterPin) refers to interrupt.o(i.IntUnregister) for IntUnregister
    main.o(.ARM.exidx.text.GPIOIntUnregisterPin) refers to main.o(.text.GPIOIntUnregisterPin) for [Anonymous Symbol]
    main.o(.ARM.exidx.text.GPIOPinRead) refers to main.o(.text.GPIOPinRead) for [Anonymous Symbol]
    main.o(.ARM.exidx.text.GPIOPinWrite) refers to main.o(.text.GPIOPinWrite) for [Anonymous Symbol]
    main.o(.text.GPIOPinTypeADC) refers to main.o(.text.GPIOPadConfigSet) for GPIOPadConfigSet
    main.o(.ARM.exidx.text.GPIOPinTypeADC) refers to main.o(.text.GPIOPinTypeADC) for [Anonymous Symbol]
    main.o(.text.GPIOPinTypeCAN) refers to main.o(.text.GPIOPadConfigSet) for GPIOPadConfigSet
    main.o(.ARM.exidx.text.GPIOPinTypeCAN) refers to main.o(.text.GPIOPinTypeCAN) for [Anonymous Symbol]
    main.o(.text.GPIOPinTypeComparator) refers to main.o(.text.GPIOPadConfigSet) for GPIOPadConfigSet
    main.o(.ARM.exidx.text.GPIOPinTypeComparator) refers to main.o(.text.GPIOPinTypeComparator) for [Anonymous Symbol]
    main.o(.text.GPIOPinTypeComparatorOutput) refers to main.o(.text.GPIOPadConfigSet) for GPIOPadConfigSet
    main.o(.ARM.exidx.text.GPIOPinTypeComparatorOutput) refers to main.o(.text.GPIOPinTypeComparatorOutput) for [Anonymous Symbol]
    main.o(.text.GPIOPinTypeDIVSCLK) refers to main.o(.text.GPIOPadConfigSet) for GPIOPadConfigSet
    main.o(.ARM.exidx.text.GPIOPinTypeDIVSCLK) refers to main.o(.text.GPIOPinTypeDIVSCLK) for [Anonymous Symbol]
    main.o(.text.GPIOPinTypeEPI) refers to main.o(.text.GPIOPadConfigSet) for GPIOPadConfigSet
    main.o(.ARM.exidx.text.GPIOPinTypeEPI) refers to main.o(.text.GPIOPinTypeEPI) for [Anonymous Symbol]
    main.o(.text.GPIOPinTypeEthernetLED) refers to main.o(.text.GPIOPadConfigSet) for GPIOPadConfigSet
[...]
    Removing main.o(.text.GPIOPinTypeADC), (30 bytes).
    Removing main.o(.ARM.exidx.text.GPIOPinTypeADC), (8 bytes).
    Removing main.o(.text.GPIOPinTypeCAN), (30 bytes).
    Removing main.o(.ARM.exidx.text.GPIOPinTypeCAN), (8 bytes).
    Removing main.o(.text.GPIOPinTypeComparator), (30 bytes).
    Removing main.o(.ARM.exidx.text.GPIOPinTypeComparator), (8 bytes).
    Removing main.o(.text.GPIOPinTypeComparatorOutput), (30 bytes).
    Removing main.o(.ARM.exidx.text.GPIOPinTypeComparatorOutput), (8 bytes).
    Removing main.o(.text.GPIOPinTypeDIVSCLK), (30 bytes).
    Removing main.o(.ARM.exidx.text.GPIOPinTypeDIVSCLK), (8 bytes).
    Removing main.o(.text.GPIOPinTypeEPI), (30 bytes).
    Removing main.o(.ARM.exidx.text.GPIOPinTypeEPI), (8 bytes).
    Removing main.o(.text.GPIOPinTypeEthernetLED), (30 bytes).
    Removing main.o(.ARM.exidx.text.GPIOPinTypeEthernetLED), (8 bytes).
    Removing main.o(.text.GPIOPinTypeEthernetMII), (30 bytes).
    Removing main.o(.ARM.exidx.text.GPIOPinTypeEthernetMII), (8 bytes).
    Removing main.o(.text.GPIOPinTypeGPIOInput), (30 bytes).
    Removing main.o(.ARM.exidx.text.GPIOPinTypeGPIOInput), (8 bytes).
    Removing main.o(.text.GPIOPinTypeGPIOOutput), (36 bytes).
    Removing main.o(.ARM.exidx.text.GPIOPinTypeGPIOOutput), (8 bytes).
    Removing main.o(.text.GPIOPinTypeGPIOOutputOD), (36 bytes).
    Removing main.o(.ARM.exidx.text.GPIOPinTypeGPIOOutputOD), (8 bytes).
    Removing main.o(.text.GPIOPinTypeHibernateRTCCLK), (30 bytes).
    Removing main.o(.ARM.exidx.text.GPIOPinTypeHibernateRTCCLK), (8 bytes).
    Removing main.o(.text.GPIOPinTypeI2C), (30 bytes).
    Removing main.o(.ARM.exidx.text.GPIOPinTypeI2C), (8 bytes).
    Removing main.o(.text.GPIOPinTypeI2CSCL), (30 bytes).
    Removing main.o(.ARM.exidx.text.GPIOPinTypeI2CSCL), (8 bytes).
    Removing main.o(.text.GPIOPinTypeLCD), (30 bytes).
    Removing main.o(.ARM.exidx.text.GPIOPinTypeLCD), (8 bytes).
    Removing main.o(.text.GPIOPinTypeOneWire), (30 bytes).
    Removing main.o(.ARM.exidx.text.GPIOPinTypeOneWire), (8 bytes).
    Removing main.o(.text.GPIOPinTypePWM), (30 bytes).
    Removing main.o(.ARM.exidx.text.GPIOPinTypePWM), (8 bytes).
    Removing main.o(.text.GPIOPinTypeQEI), (30 bytes).
    Removing main.o(.ARM.exidx.text.GPIOPinTypeQEI), (8 bytes).
    Removing main.o(.text.GPIOPinTypeSSI), (30 bytes).
    Removing main.o(.ARM.exidx.text.GPIOPinTypeSSI), (8 bytes).
    Removing main.o(.text.GPIOPinTypeTimer), (30 bytes).
    Removing main.o(.ARM.exidx.text.GPIOPinTypeTimer), (8 bytes).
    Removing main.o(.text.GPIOPinTypeTrace), (30 bytes).
    Removing main.o(.ARM.exidx.text.GPIOPinTypeTrace), (8 bytes).
    Removing main.o(.text.GPIOPinTypeUART), (30 bytes).
    Removing main.o(.ARM.exidx.text.GPIOPinTypeUART), (8 bytes).
    Removing main.o(.text.GPIOPinTypeUSBAnalog), (30 bytes).
    Removing main.o(.ARM.exidx.text.GPIOPinTypeUSBAnalog), (8 bytes).
    Removing main.o(.text.GPIOPinTypeUSBDigital), (30 bytes).
    Removing main.o(.ARM.exidx.text.GPIOPinTypeUSBDigital), (8 bytes).
    Removing main.o(.text.GPIOPinTypeWakeHigh), (32 bytes).
    Removing main.o(.ARM.exidx.text.GPIOPinTypeWakeHigh), (8 bytes).
    Removing main.o(.text.GPIOPinTypeWakeLow), (32 bytes).
    Removing main.o(.ARM.exidx.text.GPIOPinTypeWakeLow), (8 bytes).
    Removing main.o(.text.GPIOPinWakeStatus), (6 bytes).
    Removing main.o(.ARM.exidx.text.GPIOPinWakeStatus), (8 bytes).
    Removing main.o(.text.GPIOPinConfigure), (66 bytes).
    Removing main.o(.ARM.exidx.text.GPIOPinConfigure), (8 bytes).
    Removing main.o(.text.GPIODMATriggerEnable), (12 bytes).
    Removing main.o(.ARM.exidx.text.GPIODMATriggerEnable), (8 bytes).
    Removing main.o(.text.GPIODMATriggerDisable), (14 bytes).
    Removing main.o(.ARM.exidx.text.GPIODMATriggerDisable), (8 bytes).
    Removing main.o(.text.GPIOADCTriggerEnable), (12 bytes).
    Removing main.o(.ARM.exidx.text.GPIOADCTriggerEnable), (8 bytes).
    Removing main.o(.text.GPIOADCTriggerDisable), (14 bytes).
    Removing main.o(.ARM.exidx.text.GPIOADCTriggerDisable), (8 bytes).
    Removing main.o(.text.GPIOUnlockPin), (24 bytes).
    Removing main.o(.ARM.exidx.text.GPIOUnlockPin), (8 bytes).
    Removing main.o(.ARM.exidx.text.main), (8 bytes).
    Removing main.o(.ARM.exidx.text.Timer0IntHandler), (8 bytes).
    Removing main.o(.text.Timer0Init), (80 bytes).
    Removing main.o(.ARM.exidx.text.Timer0Init), (8 bytes).
    Removing main.o(.text.UartInit), (194 bytes).
    Removing main.o(.ARM.exidx.text.UartInit), (8 bytes).
    Removing main.o(.ARM.exidx.text.Uart0IntHandler), (8 bytes).
    Removing main.o(.rodata.g_pui32GPIOBaseAddrs), (144 bytes).
    Removing main.o(.rodata.g_ppui32GPIOIntMapBlizzard), (192 bytes).
    Removing main.o(.rodata.g_ppui32GPIOIntMapSnowflake), (216 bytes).
    Removing main.o(.ARM.use_no_argv), (4 bytes).
    Removing ledgpio.o(.text), (0 bytes).
    Removing ledgpio.o(.text.SetInput), (34 bytes).
    Removing ledgpio.o(.ARM.exidx.text.SetInput), (8 bytes).
    Removing ledgpio.o(.text.SetOutput), (22 bytes).
    Removing ledgpio.o(.ARM.exidx.text.SetOutput), (8 bytes).
    Removing ledgpio.o(.text.GPIOToggle), (28 bytes).
    Removing ledgpio.o(.ARM.exidx.text.GPIOToggle), (8 bytes).
    Removing ledgpio.o(.text.GPIOSet), (6 bytes).
    Removing ledgpio.o(.ARM.exidx.text.GPIOSet), (8 bytes).
    Removing ledgpio.o(.text.GPIOClear), (6 bytes).
    Removing ledgpio.o(.ARM.exidx.text.GPIOClear), (8 bytes).
    Removing ledpwm.o(.text), (0 bytes).
    Removing ledpwm.o(.text.PwmInit), (156 bytes).
    Removing ledpwm.o(.ARM.exidx.text.PwmInit), (8 bytes).
    Removing ledpwm.o(.text.PwmRunR), (34 bytes).
    Removing ledpwm.o(.ARM.exidx.text.PwmRunR), (8 bytes).
    Removing ledpwm.o(.text.PwmRunG), (36 bytes).
    Removing ledpwm.o(.ARM.exidx.text.PwmRunG), (8 bytes).
    Removing ledpwm.o(.text.PwmRunB), (36 bytes).
    Removing ledpwm.o(.ARM.exidx.text.PwmRunB), (8 bytes).
    Removing system_tm4c123.o(.text), (0 bytes).
    Removing system_tm4c123.o(.text.SystemCoreClockUpdate), (336 bytes).
    Removing system_tm4c123.o(.ARM.exidx.text.SystemCoreClockUpdate), (8 bytes).
    Removing system_tm4c123.o(.ARM.exidx.text.SystemInit), (8 bytes).
    Removing system_tm4c123.o(.data.SystemCoreClock), (4 bytes).
    Removing system_tm4c123.o(.rodata..Lswitch.table.SystemCoreClockUpdate.1), (92 bytes).
    Removing freertos_evr.o(.text), (0 bytes).
    Removing list.o(.text), (0 bytes).
    Removing list.o(.text.vListInitialise), (22 bytes).
    Removing list.o(.ARM.exidx.text.vListInitialise), (8 bytes).
    Removing list.o(.text.vListInitialiseItem), (6 bytes).
    Removing list.o(.ARM.exidx.text.vListInitialiseItem), (8 bytes).
    Removing list.o(.ARM.exidx.text.vListInsertEnd), (8 bytes).
    Removing list.o(.text.vListInsert), (96 bytes).
    Removing list.o(.ARM.exidx.text.vListInsert), (8 bytes).
    Removing list.o(.ARM.exidx.text.uxListRemove), (8 bytes).
    Removing port.o(.text), (0 bytes).
    Removing port.o(.text.pxPortInitialiseStack), (40 bytes).
    Removing port.o(.ARM.exidx.text.pxPortInitialiseStack), (8 bytes).
    Removing port.o(.text.prvTaskExitError), (62 bytes).
    Removing port.o(.ARM.exidx.text.prvTaskExitError), (8 bytes).
    Removing port.o(.ARM.exidx.text.SVC_Handler), (8 bytes).
    Removing port.o(.text.xPortStartScheduler), (382 bytes).
    Removing port.o(.ARM.exidx.text.xPortStartScheduler), (8 bytes).
    Removing port.o(.text.vPortSetupTimerInterrupt), (100 bytes).
    Removing port.o(.ARM.exidx.text.vPortSetupTimerInterrupt), (8 bytes).
    Removing port.o(.text.vPortEnableVFP), (20 bytes).
    Removing port.o(.ARM.exidx.text.vPortEnableVFP), (8 bytes).
    Removing port.o(.text.prvPortStartFirstTask), (40 bytes).
    Removing port.o(.ARM.exidx.text.prvPortStartFirstTask), (8 bytes).
    Removing port.o(.text.vPortEndScheduler), (38 bytes).
    Removing port.o(.ARM.exidx.text.vPortEndScheduler), (8 bytes).
    Removing port.o(.text.vPortEnterCritical), (70 bytes).
    Removing port.o(.ARM.exidx.text.vPortEnterCritical), (8 bytes).
    Removing port.o(.text.vPortExitCritical), (46 bytes).
    Removing port.o(.ARM.exidx.text.vPortExitCritical), (8 bytes).
    Removing port.o(.ARM.exidx.text.PendSV_Handler), (8 bytes).
    Removing port.o(.ARM.exidx.text.SysTick_Handler), (8 bytes).
    Removing port.o(.text.vPortSuppressTicksAndSleep), (276 bytes).
    Removing port.o(.ARM.exidx.text.vPortSuppressTicksAndSleep), (8 bytes).
    Removing port.o(.text.vPortValidateInterruptPriority), (98 bytes).
    Removing port.o(.ARM.exidx.text.vPortValidateInterruptPriority), (8 bytes).
    Removing port.o(.bss.ucMaxSysCallPriority), (1 bytes).
    Removing port.o(.bss.ulMaxPRIGROUPValue), (4 bytes).
    Removing port.o(.data.uxCriticalNesting), (4 bytes).
    Removing port.o(.bss.xMaximumPossibleSuppressedTicks), (4 bytes).
    Removing port.o(.bss.ulTimerCountsForOneTick), (4 bytes).
    Removing port.o(.bss.ulStoppedTimerCompensation), (1 bytes).
    Removing heap_1.o(.text), (0 bytes).
    Removing heap_1.o(.text.pvPortMalloc), (88 bytes).
    Removing heap_1.o(.ARM.exidx.text.pvPortMalloc), (8 bytes).
    Removing heap_1.o(.text.vPortFree), (26 bytes).
    Removing heap_1.o(.ARM.exidx.text.vPortFree), (8 bytes).
    Removing heap_1.o(.text.vPortInitialiseBlocks), (14 bytes).
    Removing heap_1.o(.ARM.exidx.text.vPortInitialiseBlocks), (8 bytes).
    Removing heap_1.o(.text.xPortGetFreeHeapSize), (18 bytes).
    Removing heap_1.o(.ARM.exidx.text.xPortGetFreeHeapSize), (8 bytes).
    Removing heap_1.o(.bss.pvPortMalloc.pucAlignedHeap), (4 bytes).
    Removing heap_1.o(.bss.ucHeap), (4096 bytes).
    Removing heap_1.o(.bss.xNextFreeByte), (4 bytes).
    Removing queue.o(.text), (0 bytes).
    Removing queue.o(.text.xQueueGenericReset), (126 bytes).
    Removing queue.o(.ARM.exidx.text.xQueueGenericReset), (8 bytes).
    Removing queue.o(.text.xQueueGenericCreate), (130 bytes).
    Removing queue.o(.ARM.exidx.text.xQueueGenericCreate), (8 bytes).
    Removing queue.o(.text.xQueueCreateMutex), (110 bytes).
    Removing queue.o(.ARM.exidx.text.xQueueCreateMutex), (8 bytes).
    Removing queue.o(.text.xQueueGetMutexHolder), (26 bytes).
    Removing queue.o(.ARM.exidx.text.xQueueGetMutexHolder), (8 bytes).
    Removing queue.o(.text.xQueueGetMutexHolderFromISR), (34 bytes).
    Removing queue.o(.ARM.exidx.text.xQueueGetMutexHolderFromISR), (8 bytes).
    Removing queue.o(.text.xQueueGiveMutexRecursive), (66 bytes).
    Removing queue.o(.ARM.exidx.text.xQueueGiveMutexRecursive), (8 bytes).
    Removing queue.o(.text.xQueueGenericSend), (706 bytes).
    Removing queue.o(.ARM.exidx.text.xQueueGenericSend), (8 bytes).
    Removing queue.o(.text.xQueueTakeMutexRecursive), (60 bytes).
    Removing queue.o(.ARM.exidx.text.xQueueTakeMutexRecursive), (8 bytes).
    Removing queue.o(.text.xQueueSemaphoreTake), (442 bytes).
    Removing queue.o(.ARM.exidx.text.xQueueSemaphoreTake), (8 bytes).
    Removing queue.o(.text.xQueueCreateCountingSemaphore), (66 bytes).
    Removing queue.o(.ARM.exidx.text.xQueueCreateCountingSemaphore), (8 bytes).
    Removing queue.o(.text.prvUnlockQueue), (274 bytes).
    Removing queue.o(.ARM.exidx.text.prvUnlockQueue), (8 bytes).
    Removing queue.o(.text.xQueueGenericSendFromISR), (478 bytes).
    Removing queue.o(.ARM.exidx.text.xQueueGenericSendFromISR), (8 bytes).
    Removing queue.o(.text.xQueueGiveFromISR), (348 bytes).
    Removing queue.o(.ARM.exidx.text.xQueueGiveFromISR), (8 bytes).
    Removing queue.o(.text.xQueueReceive), (386 bytes).
    Removing queue.o(.ARM.exidx.text.xQueueReceive), (8 bytes).
    Removing queue.o(.text.xQueuePeek), (378 bytes).
    Removing queue.o(.ARM.exidx.text.xQueuePeek), (8 bytes).
    Removing queue.o(.text.xQueueReceiveFromISR), (192 bytes).
    Removing queue.o(.ARM.exidx.text.xQueueReceiveFromISR), (8 bytes).
    Removing queue.o(.text.xQueuePeekFromISR), (148 bytes).
    Removing queue.o(.ARM.exidx.text.xQueuePeekFromISR), (8 bytes).
    Removing queue.o(.text.uxQueueMessagesWaiting), (38 bytes).
    Removing queue.o(.ARM.exidx.text.uxQueueMessagesWaiting), (8 bytes).
    Removing queue.o(.text.uxQueueSpacesAvailable), (42 bytes).
    Removing queue.o(.ARM.exidx.text.uxQueueSpacesAvailable), (8 bytes).
    Removing queue.o(.text.uxQueueMessagesWaitingFromISR), (26 bytes).
    Removing queue.o(.ARM.exidx.text.uxQueueMessagesWaitingFromISR), (8 bytes).
    Removing queue.o(.text.vQueueDelete), (26 bytes).
    Removing queue.o(.ARM.exidx.text.vQueueDelete), (8 bytes).
    Removing queue.o(.text.uxQueueGetQueueNumber), (4 bytes).
    Removing queue.o(.ARM.exidx.text.uxQueueGetQueueNumber), (8 bytes).
    Removing queue.o(.text.vQueueSetQueueNumber), (4 bytes).
    Removing queue.o(.ARM.exidx.text.vQueueSetQueueNumber), (8 bytes).
    Removing queue.o(.text.ucQueueGetQueueType), (6 bytes).
    Removing queue.o(.ARM.exidx.text.ucQueueGetQueueType), (8 bytes).
    Removing queue.o(.text.xQueueIsQueueEmptyFromISR), (30 bytes).
    Removing queue.o(.ARM.exidx.text.xQueueIsQueueEmptyFromISR), (8 bytes).
    Removing queue.o(.text.xQueueIsQueueFullFromISR), (34 bytes).
    Removing queue.o(.ARM.exidx.text.xQueueIsQueueFullFromISR), (8 bytes).
    Removing queue.o(.text.vQueueWaitForMessageRestricted), (70 bytes).
    Removing queue.o(.ARM.exidx.text.vQueueWaitForMessageRestricted), (8 bytes).
    Removing queue.o(.text.xQueueCreateSet), (8 bytes).
    Removing queue.o(.ARM.exidx.text.xQueueCreateSet), (8 bytes).
    Removing queue.o(.text.xQueueAddToSet), (38 bytes).
    Removing queue.o(.ARM.exidx.text.xQueueAddToSet), (8 bytes).
    Removing queue.o(.text.xQueueRemoveFromSet), (42 bytes).
    Removing queue.o(.ARM.exidx.text.xQueueRemoveFromSet), (8 bytes).
    Removing queue.o(.text.xQueueSelectFromSet), (22 bytes).
    Removing queue.o(.ARM.exidx.text.xQueueSelectFromSet), (8 bytes).
    Removing queue.o(.text.xQueueSelectFromSetFromISR), (126 bytes).
    Removing queue.o(.ARM.exidx.text.xQueueSelectFromSetFromISR), (8 bytes).
    Removing tasks.o(.text), (0 bytes).
    Removing tasks.o(.text.xTaskCreate), (638 bytes).
    Removing tasks.o(.ARM.exidx.text.xTaskCreate), (8 bytes).
    Removing tasks.o(.text.vTaskDelete), (286 bytes).
    Removing tasks.o(.ARM.exidx.text.vTaskDelete), (8 bytes).
    Removing tasks.o(.text.vTaskDelayUntil), (164 bytes).
    Removing tasks.o(.ARM.exidx.text.vTaskDelayUntil), (8 bytes).
    Removing tasks.o(.text.vTaskSuspendAll), (16 bytes).
    Removing tasks.o(.ARM.exidx.text.vTaskSuspendAll), (8 bytes).
    Removing tasks.o(.text.prvAddCurrentTaskToDelayedList), (174 bytes).
    Removing tasks.o(.ARM.exidx.text.prvAddCurrentTaskToDelayedList), (8 bytes).
    Removing tasks.o(.text.xTaskResumeAll), (312 bytes).
    Removing tasks.o(.ARM.exidx.text.xTaskResumeAll), (8 bytes).
    Removing tasks.o(.text.vTaskDelay), (80 bytes).
    Removing tasks.o(.ARM.exidx.text.vTaskDelay), (8 bytes).
    Removing tasks.o(.text.eTaskGetState), (156 bytes).
    Removing tasks.o(.ARM.exidx.text.eTaskGetState), (8 bytes).
    Removing tasks.o(.text.uxTaskPriorityGet), (30 bytes).
    Removing tasks.o(.ARM.exidx.text.uxTaskPriorityGet), (8 bytes).
    Removing tasks.o(.text.uxTaskPriorityGetFromISR), (48 bytes).
    Removing tasks.o(.ARM.exidx.text.uxTaskPriorityGetFromISR), (8 bytes).
    Removing tasks.o(.text.vTaskPrioritySet), (226 bytes).
    Removing tasks.o(.ARM.exidx.text.vTaskPrioritySet), (8 bytes).
    Removing tasks.o(.text.vTaskSuspend), (398 bytes).
    Removing tasks.o(.ARM.exidx.text.vTaskSuspend), (8 bytes).
    Removing tasks.o(.ARM.exidx.text.vTaskSwitchContext), (8 bytes).
    Removing tasks.o(.text.vTaskResume), (162 bytes).
    Removing tasks.o(.ARM.exidx.text.vTaskResume), (8 bytes).
    Removing tasks.o(.text.xTaskResumeFromISR), (192 bytes).
    Removing tasks.o(.ARM.exidx.text.xTaskResumeFromISR), (8 bytes).
    Removing tasks.o(.text.vTaskStartScheduler), (152 bytes).
    Removing tasks.o(.ARM.exidx.text.vTaskStartScheduler), (8 bytes).
    Removing tasks.o(.text.prvIdleTask), (294 bytes).
    Removing tasks.o(.ARM.exidx.text.prvIdleTask), (8 bytes).
    Removing tasks.o(.text.vTaskEndScheduler), (32 bytes).
    Removing tasks.o(.ARM.exidx.text.vTaskEndScheduler), (8 bytes).
    Removing tasks.o(.ARM.exidx.text.xTaskIncrementTick), (8 bytes).
    Removing tasks.o(.text.xTaskGetTickCount), (12 bytes).
    Removing tasks.o(.ARM.exidx.text.xTaskGetTickCount), (8 bytes).
    Removing tasks.o(.text.xTaskGetTickCountFromISR), (18 bytes).
    Removing tasks.o(.ARM.exidx.text.xTaskGetTickCountFromISR), (8 bytes).
    Removing tasks.o(.text.uxTaskGetNumberOfTasks), (12 bytes).
    Removing tasks.o(.ARM.exidx.text.uxTaskGetNumberOfTasks), (8 bytes).
    Removing tasks.o(.text.pcTaskGetName), (38 bytes).
    Removing tasks.o(.ARM.exidx.text.pcTaskGetName), (8 bytes).
    Removing tasks.o(.text.xTaskGetHandle), (166 bytes).
    Removing tasks.o(.ARM.exidx.text.xTaskGetHandle), (8 bytes).
    Removing tasks.o(.text.prvSearchForNameWithinSingleList), (284 bytes).
    Removing tasks.o(.ARM.exidx.text.prvSearchForNameWithinSingleList), (8 bytes).
    Removing tasks.o(.text.uxTaskGetSystemState), (1318 bytes).
    Removing tasks.o(.ARM.exidx.text.uxTaskGetSystemState), (8 bytes).
    Removing tasks.o(.text.xTaskGetIdleTaskHandle), (34 bytes).
    Removing tasks.o(.ARM.exidx.text.xTaskGetIdleTaskHandle), (8 bytes).
    Removing tasks.o(.text.vTaskStepTick), (54 bytes).
    Removing tasks.o(.ARM.exidx.text.vTaskStepTick), (8 bytes).
    Removing tasks.o(.text.xTaskCatchUpTicks), (54 bytes).
    Removing tasks.o(.ARM.exidx.text.xTaskCatchUpTicks), (8 bytes).
    Removing tasks.o(.text.xTaskAbortDelay), (244 bytes).
    Removing tasks.o(.ARM.exidx.text.xTaskAbortDelay), (8 bytes).
    Removing tasks.o(.text.vTaskPlaceOnEventList), (54 bytes).
    Removing tasks.o(.ARM.exidx.text.vTaskPlaceOnEventList), (8 bytes).
    Removing tasks.o(.text.vTaskPlaceOnUnorderedEventList), (94 bytes).
    Removing tasks.o(.ARM.exidx.text.vTaskPlaceOnUnorderedEventList), (8 bytes).
    Removing tasks.o(.text.vTaskPlaceOnEventListRestricted), (62 bytes).
    Removing tasks.o(.ARM.exidx.text.vTaskPlaceOnEventListRestricted), (8 bytes).
    Removing tasks.o(.text.xTaskRemoveFromEventList), (200 bytes).
    Removing tasks.o(.ARM.exidx.text.xTaskRemoveFromEventList), (8 bytes).
    Removing tasks.o(.text.vTaskRemoveFromUnorderedEventList), (186 bytes).
    Removing tasks.o(.ARM.exidx.text.vTaskRemoveFromUnorderedEventList), (8 bytes).
    Removing tasks.o(.text.vTaskSetTimeOutState), (62 bytes).
    Removing tasks.o(.ARM.exidx.text.vTaskSetTimeOutState), (8 bytes).
    Removing tasks.o(.text.vTaskInternalSetTimeOutState), (26 bytes).
    Removing tasks.o(.ARM.exidx.text.vTaskInternalSetTimeOutState), (8 bytes).
    Removing tasks.o(.text.xTaskCheckForTimeOut), (166 bytes).
    Removing tasks.o(.ARM.exidx.text.xTaskCheckForTimeOut), (8 bytes).
    Removing tasks.o(.text.vTaskMissedYield), (14 bytes).
    Removing tasks.o(.ARM.exidx.text.vTaskMissedYield), (8 bytes).
    Removing tasks.o(.text.uxTaskGetTaskNumber), (10 bytes).
    Removing tasks.o(.ARM.exidx.text.uxTaskGetTaskNumber), (8 bytes).
    Removing tasks.o(.text.vTaskSetTaskNumber), (8 bytes).
    Removing tasks.o(.ARM.exidx.text.vTaskSetTaskNumber), (8 bytes).
    Removing tasks.o(.text.eTaskConfirmSleepModeStatus), (60 bytes).
    Removing tasks.o(.ARM.exidx.text.eTaskConfirmSleepModeStatus), (8 bytes).
    Removing tasks.o(.text.vTaskGetInfo), (290 bytes).
    Removing tasks.o(.ARM.exidx.text.vTaskGetInfo), (8 bytes).
    Removing tasks.o(.text.uxTaskGetStackHighWaterMark2), (74 bytes).
    Removing tasks.o(.ARM.exidx.text.uxTaskGetStackHighWaterMark2), (8 bytes).
    Removing tasks.o(.text.uxTaskGetStackHighWaterMark), (82 bytes).
    Removing tasks.o(.ARM.exidx.text.uxTaskGetStackHighWaterMark), (8 bytes).
    Removing tasks.o(.text.xTaskGetCurrentTaskHandle), (12 bytes).
    Removing tasks.o(.ARM.exidx.text.xTaskGetCurrentTaskHandle), (8 bytes).
    Removing tasks.o(.text.xTaskGetSchedulerState), (38 bytes).
    Removing tasks.o(.ARM.exidx.text.xTaskGetSchedulerState), (8 bytes).
    Removing tasks.o(.text.xTaskPriorityInherit), (170 bytes).
    Removing tasks.o(.ARM.exidx.text.xTaskPriorityInherit), (8 bytes).
    Removing tasks.o(.text.xTaskPriorityDisinherit), (178 bytes).
    Removing tasks.o(.ARM.exidx.text.xTaskPriorityDisinherit), (8 bytes).
    Removing tasks.o(.text.vTaskPriorityDisinheritAfterTimeout), (182 bytes).
    Removing tasks.o(.ARM.exidx.text.vTaskPriorityDisinheritAfterTimeout), (8 bytes).
    Removing tasks.o(.text.uxTaskResetEventItemValue), (26 bytes).
    Removing tasks.o(.ARM.exidx.text.uxTaskResetEventItemValue), (8 bytes).
    Removing tasks.o(.text.pvTaskIncrementMutexHeldCount), (24 bytes).
    Removing tasks.o(.ARM.exidx.text.pvTaskIncrementMutexHeldCount), (8 bytes).
    Removing tasks.o(.text.ulTaskNotifyTake), (106 bytes).
    Removing tasks.o(.ARM.exidx.text.ulTaskNotifyTake), (8 bytes).
    Removing tasks.o(.text.xTaskNotifyWait), (144 bytes).
    Removing tasks.o(.ARM.exidx.text.xTaskNotifyWait), (8 bytes).
    Removing tasks.o(.text.xTaskGenericNotify), (292 bytes).
    Removing tasks.o(.ARM.exidx.text.xTaskGenericNotify), (8 bytes).
    Removing tasks.o(.text.xTaskGenericNotifyFromISR), (322 bytes).
    Removing tasks.o(.ARM.exidx.text.xTaskGenericNotifyFromISR), (8 bytes).
    Removing tasks.o(.text.vTaskNotifyGiveFromISR), (220 bytes).
    Removing tasks.o(.ARM.exidx.text.vTaskNotifyGiveFromISR), (8 bytes).
    Removing tasks.o(.text.xTaskNotifyStateClear), (44 bytes).
    Removing tasks.o(.ARM.exidx.text.xTaskNotifyStateClear), (8 bytes).
    Removing tasks.o(.text.ulTaskNotifyValueClear), (42 bytes).
    Removing tasks.o(.ARM.exidx.text.ulTaskNotifyValueClear), (8 bytes).
    Removing tasks.o(.bss.uxTaskNumber), (4 bytes).
    Removing tasks.o(.bss.xTasksWaitingTermination), (20 bytes).
    Removing tasks.o(.bss.uxDeletedTasksWaitingCleanUp), (4 bytes).
    Removing tasks.o(.bss.uxCurrentNumberOfTasks), (4 bytes).
    Removing tasks.o(.bss.xSchedulerRunning), (4 bytes).
    Removing tasks.o(.bss.xSuspendedTaskList), (20 bytes).
    Removing tasks.o(.bss.xPendingReadyList), (20 bytes).
    Removing tasks.o(.bss.xIdleTaskHandle), (4 bytes).
    Removing tasks.o(.bss.xDelayedTaskList1), (20 bytes).
    Removing tasks.o(.bss.xDelayedTaskList2), (20 bytes).
    Removing timers.o(.text), (0 bytes).
    Removing timers.o(.text.xTimerCreateTimerTask), (160 bytes).
    Removing timers.o(.ARM.exidx.text.xTimerCreateTimerTask), (8 bytes).
    Removing timers.o(.text.prvTimerTask), (610 bytes).
    Removing timers.o(.ARM.exidx.text.prvTimerTask), (8 bytes).
    Removing timers.o(.text.xTimerCreate), (186 bytes).
    Removing timers.o(.ARM.exidx.text.xTimerCreate), (8 bytes).
    Removing timers.o(.text.xTimerGenericCommand), (104 bytes).
    Removing timers.o(.ARM.exidx.text.xTimerGenericCommand), (8 bytes).
    Removing timers.o(.text.xTimerGetTimerDaemonTaskHandle), (34 bytes).
    Removing timers.o(.ARM.exidx.text.xTimerGetTimerDaemonTaskHandle), (8 bytes).
    Removing timers.o(.text.xTimerGetPeriod), (26 bytes).
    Removing timers.o(.ARM.exidx.text.xTimerGetPeriod), (8 bytes).
    Removing timers.o(.text.vTimerSetReloadMode), (62 bytes).
    Removing timers.o(.ARM.exidx.text.vTimerSetReloadMode), (8 bytes).
    Removing timers.o(.text.uxTimerGetReloadMode), (46 bytes).
    Removing timers.o(.ARM.exidx.text.uxTimerGetReloadMode), (8 bytes).
    Removing timers.o(.text.xTimerGetExpiryTime), (26 bytes).
    Removing timers.o(.ARM.exidx.text.xTimerGetExpiryTime), (8 bytes).
    Removing timers.o(.text.pcTimerGetName), (26 bytes).
    Removing timers.o(.ARM.exidx.text.pcTimerGetName), (8 bytes).
    Removing timers.o(.text.xTimerIsTimerActive), (46 bytes).
    Removing timers.o(.ARM.exidx.text.xTimerIsTimerActive), (8 bytes).
    Removing timers.o(.text.pvTimerGetTimerID), (38 bytes).
    Removing timers.o(.ARM.exidx.text.pvTimerGetTimerID), (8 bytes).
    Removing timers.o(.text.vTimerSetTimerID), (42 bytes).
    Removing timers.o(.ARM.exidx.text.vTimerSetTimerID), (8 bytes).
    Removing timers.o(.text.xTimerPendFunctionCallFromISR), (42 bytes).
    Removing timers.o(.ARM.exidx.text.xTimerPendFunctionCallFromISR), (8 bytes).
    Removing timers.o(.text.xTimerPendFunctionCall), (70 bytes).
    Removing timers.o(.ARM.exidx.text.xTimerPendFunctionCall), (8 bytes).
    Removing timers.o(.text.uxTimerGetTimerNumber), (4 bytes).
    Removing timers.o(.ARM.exidx.text.uxTimerGetTimerNumber), (8 bytes).
    Removing timers.o(.text.vTimerSetTimerNumber), (4 bytes).
    Removing timers.o(.ARM.exidx.text.vTimerSetTimerNumber), (8 bytes).
    Removing timers.o(.text.prvSampleTimeNow), (202 bytes).
    Removing timers.o(.ARM.exidx.text.prvSampleTimeNow), (8 bytes).
    Removing timers.o(.bss.xTimerQueue), (4 bytes).
    Removing timers.o(.bss.xTimerTaskHandle), (4 bytes).
    Removing timers.o(.bss.pxCurrentTimerList), (4 bytes).
    Removing timers.o(.bss.pxOverflowTimerList), (4 bytes).
    Removing timers.o(.bss.prvSampleTimeNow.xLastTime), (4 bytes).
    Removing timers.o(.bss.xActiveTimerList1), (20 bytes).
    Removing timers.o(.bss.xActiveTimerList2), (20 bytes).
    Removing interrupt.o(i.IntDisable), (100 bytes).
    Removing interrupt.o(i.IntEnable), (100 bytes).
    Removing interrupt.o(i.IntIsEnabled), (96 bytes).
    Removing interrupt.o(i.IntMasterDisable), (14 bytes).
    Removing interrupt.o(i.IntMasterEnable), (14 bytes).
    Removing interrupt.o(i.IntPendClear), (68 bytes).
    Removing interrupt.o(i.IntPendSet), (84 bytes).
    Removing interrupt.o(i.IntPriorityGet), (28 bytes).
    Removing interrupt.o(i.IntPriorityGroupingGet), (36 bytes).
    Removing interrupt.o(i.IntPriorityGroupingSet), (28 bytes).
    Removing interrupt.o(i.IntPriorityMaskGet), (4 bytes).
    Removing interrupt.o(i.IntPriorityMaskSet), (4 bytes).
    Removing interrupt.o(i.IntPrioritySet), (40 bytes).
    Removing interrupt.o(i.IntRegister), (52 bytes).
    Removing interrupt.o(i.IntTrigger), (12 bytes).
    Removing interrupt.o(i.IntUnregister), (20 bytes).
    Removing interrupt.o(i._IntDefaultHandler), (2 bytes).
    Removing interrupt.o(.constdata), (268 bytes).
    Removing interrupt.o(vtable), (620 bytes).
    Removing pwm.o(i.PWMClockGet), (26 bytes).
    Removing pwm.o(i.PWMClockSet), (20 bytes).
    Removing pwm.o(i.PWMDeadBandDisable), (12 bytes).
    Removing pwm.o(i.PWMDeadBandEnable), (16 bytes).
    Removing pwm.o(i.PWMFaultIntClear), (8 bytes).
    Removing pwm.o(i.PWMFaultIntClearExt), (4 bytes).
    Removing pwm.o(i.PWMFaultIntRegister), (92 bytes).
    Removing pwm.o(i.PWMFaultIntUnregister), (84 bytes).
    Removing pwm.o(i.PWMGenConfigure), (38 bytes).
    Removing pwm.o(i.PWMGenDisable), (10 bytes).
    Removing pwm.o(i.PWMGenEnable), (10 bytes).
    Removing pwm.o(i.PWMGenFaultClear), (18 bytes).
    Removing pwm.o(i.PWMGenFaultConfigure), (18 bytes).
    Removing pwm.o(i.PWMGenFaultStatus), (18 bytes).
    Removing pwm.o(i.PWMGenFaultTriggerGet), (12 bytes).
    Removing pwm.o(i.PWMGenFaultTriggerSet), (12 bytes).
    Removing pwm.o(i.PWMGenIntClear), (6 bytes).
    Removing pwm.o(i.PWMGenIntRegister), (26 bytes).
    Removing pwm.o(i.PWMGenIntStatus), (12 bytes).
    Removing pwm.o(i.PWMGenIntTrigDisable), (10 bytes).
    Removing pwm.o(i.PWMGenIntTrigEnable), (10 bytes).
    Removing pwm.o(i.PWMGenIntUnregister), (22 bytes).
    Removing pwm.o(i.PWMGenPeriodGet), (18 bytes).
    Removing pwm.o(i.PWMGenPeriodSet), (18 bytes).
    Removing pwm.o(i.PWMIntDisable), (10 bytes).
    Removing pwm.o(i.PWMIntEnable), (8 bytes).
    Removing pwm.o(i.PWMIntStatus), (10 bytes).
    Removing pwm.o(i.PWMOutputFault), (16 bytes).
    Removing pwm.o(i.PWMOutputFaultLevel), (16 bytes).
    Removing pwm.o(i.PWMOutputInvert), (16 bytes).
    Removing pwm.o(i.PWMOutputState), (16 bytes).
    Removing pwm.o(i.PWMOutputUpdateMode), (62 bytes).
    Removing pwm.o(i.PWMPulseWidthGet), (32 bytes).
    Removing pwm.o(i.PWMPulseWidthSet), (32 bytes).
    Removing pwm.o(i.PWMSyncTimeBase), (4 bytes).
    Removing pwm.o(i.PWMSyncUpdate), (4 bytes).
    Removing pwm.o(i._PWMGenIntNumberGet), (224 bytes).
    Removing sysctl.o(i.SysCtlAltClkConfig), (12 bytes).
    Removing sysctl.o(i.SysCtlClockFreqSet), (740 bytes).
    Removing sysctl.o(i.SysCtlClockGet), (340 bytes).
    Removing sysctl.o(i.SysCtlClockOutConfig), (20 bytes).
    Removing sysctl.o(i.SysCtlDeepSleep), (32 bytes).
    Removing sysctl.o(i.SysCtlDeepSleepClockConfigSet), (112 bytes).
    Removing sysctl.o(i.SysCtlDeepSleepClockSet), (12 bytes).
    Removing sysctl.o(i.SysCtlDeepSleepPowerSet), (12 bytes).
    Removing sysctl.o(i.SysCtlFlashSectorSizeGet), (56 bytes).
    Removing sysctl.o(i.SysCtlFlashSizeGet), (56 bytes).
    Removing sysctl.o(i.SysCtlGPIOAHBDisable), (28 bytes).
    Removing sysctl.o(i.SysCtlGPIOAHBEnable), (24 bytes).
    Removing sysctl.o(i.SysCtlIntClear), (12 bytes).
    Removing sysctl.o(i.SysCtlIntDisable), (16 bytes).
    Removing sysctl.o(i.SysCtlIntEnable), (16 bytes).
    Removing sysctl.o(i.SysCtlIntRegister), (20 bytes).
    Removing sysctl.o(i.SysCtlIntStatus), (16 bytes).
    Removing sysctl.o(i.SysCtlIntUnregister), (18 bytes).
    Removing sysctl.o(i.SysCtlLDODeepSleepGet), (12 bytes).
    Removing sysctl.o(i.SysCtlLDODeepSleepSet), (12 bytes).
    Removing sysctl.o(i.SysCtlLDOSleepGet), (12 bytes).
    Removing sysctl.o(i.SysCtlLDOSleepSet), (12 bytes).
    Removing sysctl.o(i.SysCtlMOSCConfigSet), (12 bytes).
    Removing sysctl.o(i.SysCtlNMIClear), (16 bytes).
    Removing sysctl.o(i.SysCtlNMIStatus), (12 bytes).
    Removing sysctl.o(i.SysCtlPIOSCCalibrate), (76 bytes).
    Removing sysctl.o(i.SysCtlPWMClockGet), (24 bytes).
    Removing sysctl.o(i.SysCtlPWMClockSet), (20 bytes).
    Removing sysctl.o(i.SysCtlPeripheralClockGating), (68 bytes).
    Removing sysctl.o(i.SysCtlPeripheralDeepSleepDisable), (40 bytes).
    Removing sysctl.o(i.SysCtlPeripheralDeepSleepEnable), (40 bytes).
    Removing sysctl.o(i.SysCtlPeripheralDisable), (40 bytes).
    Removing sysctl.o(i.SysCtlPeripheralPowerOff), (40 bytes).
    Removing sysctl.o(i.SysCtlPeripheralPowerOn), (40 bytes).
    Removing sysctl.o(i.SysCtlPeripheralPresent), (44 bytes).
    Removing sysctl.o(i.SysCtlPeripheralReady), (44 bytes).
    Removing sysctl.o(i.SysCtlPeripheralReset), (60 bytes).
    Removing sysctl.o(i.SysCtlPeripheralSleepDisable), (40 bytes).
    Removing sysctl.o(i.SysCtlPeripheralSleepEnable), (40 bytes).
    Removing sysctl.o(i.SysCtlReset), (16 bytes).
    Removing sysctl.o(i.SysCtlResetBehaviorGet), (12 bytes).
    Removing sysctl.o(i.SysCtlResetBehaviorSet), (12 bytes).
    Removing sysctl.o(i.SysCtlResetCauseClear), (16 bytes).
    Removing sysctl.o(i.SysCtlResetCauseGet), (12 bytes).
    Removing sysctl.o(i.SysCtlSRAMSizeGet), (16 bytes).
    Removing sysctl.o(i.SysCtlSleep), (4 bytes).
    Removing sysctl.o(i.SysCtlSleepPowerSet), (12 bytes).
    Removing sysctl.o(i.SysCtlUSBPLLDisable), (16 bytes).
    Removing sysctl.o(i.SysCtlUSBPLLEnable), (16 bytes).
    Removing sysctl.o(i.SysCtlVCOGet), (120 bytes).
    Removing sysctl.o(i.SysCtlVoltageEventClear), (16 bytes).
    Removing sysctl.o(i.SysCtlVoltageEventConfig), (12 bytes).
    Removing sysctl.o(i.SysCtlVoltageEventStatus), (12 bytes).
    Removing sysctl.o(.constdata), (596 bytes).
    Removing timer.o(i.TimerADCEventGet), (4 bytes).
    Removing timer.o(i.TimerADCEventSet), (4 bytes).
    Removing timer.o(i.TimerClockSourceGet), (6 bytes).
    Removing timer.o(i.TimerClockSourceSet), (6 bytes).
    Removing timer.o(i.TimerConfigure), (96 bytes).
    Removing timer.o(i.TimerControlEvent), (18 bytes).
    Removing timer.o(i.TimerControlLevel), (22 bytes).
    Removing timer.o(i.TimerControlStall), (22 bytes).
    Removing timer.o(i.TimerControlTrigger), (80 bytes).
    Removing timer.o(i.TimerControlWaitOnTrigger), (48 bytes).
    Removing timer.o(i.TimerDMAEventGet), (4 bytes).
    Removing timer.o(i.TimerDMAEventSet), (4 bytes).
    Removing timer.o(i.TimerDisable), (16 bytes).
    Removing timer.o(i.TimerEnable), (14 bytes).
    Removing timer.o(i.TimerIntDisable), (10 bytes).
    Removing timer.o(i.TimerIntEnable), (8 bytes).
    Removing timer.o(i.TimerIntRegister), (104 bytes).
    Removing timer.o(i.TimerIntStatus), (10 bytes).
    Removing timer.o(i.TimerIntUnregister), (104 bytes).
    Removing timer.o(i.TimerLoadGet), (10 bytes).
    Removing timer.o(i.TimerLoadGet64), (14 bytes).
    Removing timer.o(i.TimerLoadSet), (18 bytes).
    Removing timer.o(i.TimerLoadSet64), (6 bytes).
    Removing timer.o(i.TimerMatchGet), (10 bytes).
    Removing timer.o(i.TimerMatchGet64), (14 bytes).
    Removing timer.o(i.TimerMatchSet), (18 bytes).
    Removing timer.o(i.TimerMatchSet64), (6 bytes).
    Removing timer.o(i.TimerPrescaleGet), (10 bytes).
    Removing timer.o(i.TimerPrescaleMatchGet), (10 bytes).
    Removing timer.o(i.TimerPrescaleMatchSet), (18 bytes).
    Removing timer.o(i.TimerPrescaleSet), (18 bytes).
    Removing timer.o(i.TimerRTCDisable), (10 bytes).
    Removing timer.o(i.TimerRTCEnable), (10 bytes).
    Removing timer.o(i.TimerSynchronize), (4 bytes).
    Removing timer.o(i.TimerUpdateMode), (42 bytes).
    Removing timer.o(i.TimerValueGet), (10 bytes).
    Removing timer.o(i.TimerValueGet64), (14 bytes).
    Removing timer.o(.constdata), (160 bytes).
    Removing uart.o(i.UART9BitAddrSend), (38 bytes).
    Removing uart.o(i.UART9BitAddrSet), (10 bytes).
    Removing uart.o(i.UART9BitDisable), (14 bytes).
    Removing uart.o(i.UART9BitEnable), (14 bytes).
    Removing uart.o(i.UARTBreakCtl), (18 bytes).
    Removing uart.o(i.UARTBusy), (8 bytes).
    Removing uart.o(i.UARTCharGet), (12 bytes).
    Removing uart.o(i.UARTCharGetNonBlocking), (16 bytes).
    Removing uart.o(i.UARTCharPut), (12 bytes).
    Removing uart.o(i.UARTCharPutNonBlocking), (16 bytes).
    Removing uart.o(i.UARTClockSourceGet), (6 bytes).
    Removing uart.o(i.UARTClockSourceSet), (6 bytes).
    Removing uart.o(i.UARTConfigGetExpClk), (46 bytes).
    Removing uart.o(i.UARTConfigSetExpClk), (110 bytes).
    Removing uart.o(i.UARTDMADisable), (10 bytes).
    Removing uart.o(i.UARTDMAEnable), (8 bytes).
    Removing uart.o(i.UARTDisable), (30 bytes).
    Removing uart.o(i.UARTDisableSIR), (10 bytes).
    Removing uart.o(i.UARTEnable), (20 bytes).
    Removing uart.o(i.UARTEnableSIR), (18 bytes).
    Removing uart.o(i.UARTFIFODisable), (10 bytes).
    Removing uart.o(i.UARTFIFOEnable), (10 bytes).
    Removing uart.o(i.UARTFIFOLevelGet), (16 bytes).
    Removing uart.o(i.UARTFIFOLevelSet), (6 bytes).
    Removing uart.o(i.UARTFlowControlGet), (8 bytes).
    Removing uart.o(i.UARTFlowControlSet), (12 bytes).
    Removing uart.o(i.UARTIntDisable), (10 bytes).
    Removing uart.o(i.UARTIntEnable), (8 bytes).
    Removing uart.o(i.UARTIntRegister), (88 bytes).
    Removing uart.o(i.UARTIntUnregister), (88 bytes).
    Removing uart.o(i.UARTLoopbackEnable), (10 bytes).
    Removing uart.o(i.UARTModemControlClear), (14 bytes).
    Removing uart.o(i.UARTModemControlGet), (8 bytes).
    Removing uart.o(i.UARTModemControlSet), (12 bytes).
    Removing uart.o(i.UARTModemStatusGet), (10 bytes).
    Removing uart.o(i.UARTParityModeGet), (8 bytes).
    Removing uart.o(i.UARTParityModeSet), (12 bytes).
    Removing uart.o(i.UARTRxErrorClear), (6 bytes).
    Removing uart.o(i.UARTRxErrorGet), (8 bytes).
    Removing uart.o(i.UARTSmartCardDisable), (10 bytes).
    Removing uart.o(i.UARTSmartCardEnable), (22 bytes).
    Removing uart.o(i.UARTSpaceAvail), (10 bytes).
    Removing uart.o(i.UARTTxIntModeGet), (8 bytes).
    Removing uart.o(i.UARTTxIntModeSet), (12 bytes).
    Removing uart.o(.constdata), (128 bytes).
    Removing cpu.o(.emb_text), (38 bytes).

619 unused section(s) (total 33666 bytes) removed from the image.

==============================================================================

Image Symbol Table

    Local Symbols

    Symbol Name                              Value     Ov Type        Size  Object(Section)

    ../clib/angel/boardlib.s                 0x00000000   Number         0  boardinit1.o ABSOLUTE
    ../clib/angel/boardlib.s                 0x00000000   Number         0  boardinit2.o ABSOLUTE
    ../clib/angel/boardlib.s                 0x00000000   Number         0  boardinit3.o ABSOLUTE
    ../clib/angel/boardlib.s                 0x00000000   Number         0  boardshut.o ABSOLUTE
    ../clib/angel/handlers.s                 0x00000000   Number         0  __scatter_zi.o ABSOLUTE
    ../clib/angel/kernel.s                   0x00000000   Number         0  __rtentry.o ABSOLUTE
    ../clib/angel/kernel.s                   0x00000000   Number         0  __rtentry2.o ABSOLUTE
    ../clib/angel/kernel.s                   0x00000000   Number         0  __rtentry4.o ABSOLUTE
    ../clib/angel/kernel.s                   0x00000000   Number         0  rtexit.o ABSOLUTE
    ../clib/angel/kernel.s                   0x00000000   Number         0  rtexit2.o ABSOLUTE
    ../clib/angel/rt.s                       0x00000000   Number         0  rt_raise.o ABSOLUTE
    ../clib/angel/scatter.s                  0x00000000   Number         0  __scatter.o ABSOLUTE
    ../clib/angel/startup.s                  0x00000000   Number         0  __main.o ABSOLUTE
    ../clib/angel/sys.s                      0x00000000   Number         0  sys_stackheap_outer.o ABSOLUTE
    ../clib/angel/sys.s                      0x00000000   Number         0  libspace.o ABSOLUTE
    ../clib/angel/sys.s                      0x00000000   Number         0  use_no_semi.o ABSOLUTE
    ../clib/angel/sys.s                      0x00000000   Number         0  indicate_semi.o ABSOLUTE
    ../clib/angel/sysapp.c                   0x00000000   Number         0  sys_exit.o ABSOLUTE
    ../clib/angel/sysapp.c                   0x00000000   Number         0  sys_exit_hlt.o ABSOLUTE
    ../clib/angel/sysapp.c                   0x00000000   Number         0  sys_command.o ABSOLUTE
    ../clib/angel/sysapp.c                   0x00000000   Number         0  sys_command_hlt.o ABSOLUTE
    ../clib/angel/sysapp.c                   0x00000000   Number         0  sys_wrch.o ABSOLUTE
    ../clib/angel/sysapp.c                   0x00000000   Number         0  sys_wrch_hlt.o ABSOLUTE
    ../clib/armsys.c                         0x00000000   Number         0  argv_veneer.o ABSOLUTE
    ../clib/armsys.c                         0x00000000   Number         0  argv_veneer.o ABSOLUTE
    ../clib/armsys.c                         0x00000000   Number         0  _get_argv_nomalloc.o ABSOLUTE
    ../clib/armsys.c                         0x00000000   Number         0  no_argv.o ABSOLUTE
    ../clib/heapalloc.c                      0x00000000   Number         0  hrguard.o ABSOLUTE
    ../clib/heapaux.c                        0x00000000   Number         0  heapauxi.o ABSOLUTE
    ../clib/libinit.s                        0x00000000   Number         0  libinit.o ABSOLUTE
    ../clib/libinit.s                        0x00000000   Number         0  libinit2.o ABSOLUTE
    ../clib/libinit.s                        0x00000000   Number         0  libshutdown.o ABSOLUTE
    ../clib/libinit.s                        0x00000000   Number         0  libshutdown2.o ABSOLUTE
    ../clib/memcpset.s                       0x00000000   Number         0  rt_memcpy_v6.o ABSOLUTE
    ../clib/memcpset.s                       0x00000000   Number         0  aeabi_memset4.o ABSOLUTE
    ../clib/memcpset.s                       0x00000000   Number         0  rt_memcpy_w.o ABSOLUTE
    ../clib/memcpset.s                       0x00000000   Number         0  rt_memclr_w.o ABSOLUTE
    ../clib/signal.c                         0x00000000   Number         0  defsig_rtmem_outer.o ABSOLUTE
    ../clib/signal.c                         0x00000000   Number         0  defsig_rtmem_formal.o ABSOLUTE
    ../clib/signal.c                         0x00000000   Number         0  defsig_exit.o ABSOLUTE
    ../clib/signal.c                         0x00000000   Number         0  defsig_rtmem_inner.o ABSOLUTE
    ../clib/signal.c                         0x00000000   Number         0  __raise.o ABSOLUTE
    ../clib/signal.c                         0x00000000   Number         0  defsig_general.o ABSOLUTE
    ../clib/signal.c                         0x00000000   Number         0  defsig_abrt_inner.o ABSOLUTE
    ../clib/signal.c                         0x00000000   Number         0  defsig_fpe_inner.o ABSOLUTE
    ../clib/signal.c                         0x00000000   Number         0  defsig_rtred_inner.o ABSOLUTE
    ../clib/signal.c                         0x00000000   Number         0  defsig_stak_inner.o ABSOLUTE
    ../clib/signal.c                         0x00000000   Number         0  defsig_pvfn_inner.o ABSOLUTE
    ../clib/signal.c                         0x00000000   Number         0  defsig_cppl_inner.o ABSOLUTE
    ../clib/signal.c                         0x00000000   Number         0  defsig_segv_inner.o ABSOLUTE
    ../clib/signal.c                         0x00000000   Number         0  defsig_other.o ABSOLUTE
    ../clib/signal.s                         0x00000000   Number         0  defsig.o ABSOLUTE
    ../clib/stdlib.c                         0x00000000   Number         0  exit.o ABSOLUTE
    ../clib/string.c                         0x00000000   Number         0  strlen.o ABSOLUTE
    ../fplib/fpinit.s                        0x00000000   Number         0  fpinit.o ABSOLUTE
    LedPWM.c                                 0x00000000   Number         0  ledpwm.o ABSOLUTE
    Ledgpio.c                                0x00000000   Number         0  ledgpio.o ABSOLUTE
    RTE/Device/TM4C123GH6PM/startup_TM4C123.s 0x00000000   Number         0  startup_tm4c123.o ABSOLUTE
    cpu.c                                    0x00000000   Number         0  cpu.o ABSOLUTE
    cpu.c                                    0x00000000   Number         0  cpu.o ABSOLUTE
    dc.s                                     0x00000000   Number         0  dc.o ABSOLUTE
    freertos_evr.c                           0x00000000   Number         0  freertos_evr.o ABSOLUTE
    heap_1.c                                 0x00000000   Number         0  heap_1.o ABSOLUTE
    interrupt.c                              0x00000000   Number         0  interrupt.o ABSOLUTE
    list.c                                   0x00000000   Number         0  list.o ABSOLUTE
    main.c                                   0x00000000   Number         0  main.o ABSOLUTE
    port.c                                   0x00000000   Number         0  port.o ABSOLUTE
    pwm.c                                    0x00000000   Number         0  pwm.o ABSOLUTE
    queue.c                                  0x00000000   Number         0  queue.o ABSOLUTE
    sysctl.c                                 0x00000000   Number         0  sysctl.o ABSOLUTE
    sysctl.c                                 0x00000000   Number         0  sysctl.o ABSOLUTE
    system_TM4C123.c                         0x00000000   Number         0  system_tm4c123.o ABSOLUTE
    tasks.c                                  0x00000000   Number         0  tasks.o ABSOLUTE
    timer.c                                  0x00000000   Number         0  timer.o ABSOLUTE
    timers.c                                 0x00000000   Number         0  timers.o ABSOLUTE
    uart.c                                   0x00000000   Number         0  uart.o ABSOLUTE
    RESET                                    0x00000000   Section      620  startup_tm4c123.o(RESET)
    !!!main                                  0x0000026c   Section        8  __main.o(!!!main)
    !!!scatter                               0x00000274   Section       52  __scatter.o(!!!scatter)
    !!handler_zi                             0x000002a8   Section       28  __scatter_zi.o(!!handler_zi)
    .ARM.Collect$$libinit$$00000000          0x000002c4   Section        2  libinit.o(.ARM.Collect$$libinit$$00000000)
    .ARM.Collect$$libinit$$00000001          0x000002c6   Section        4  libinit2.o(.ARM.Collect$$libinit$$00000001)
    .ARM.Collect$$libinit$$00000004          0x000002ca   Section        0  libinit2.o(.ARM.Collect$$libinit$$00000004)
    .ARM.Collect$$libinit$$0000000A          0x000002ca   Section        0  libinit2.o(.ARM.Collect$$libinit$$0000000A)
    .ARM.Collect$$libinit$$0000000C          0x000002ca   Section        0  libinit2.o(.ARM.Collect$$libinit$$0000000C)
    .ARM.Collect$$libinit$$0000000E          0x000002ca   Section        0  libinit2.o(.ARM.Collect$$libinit$$0000000E)
    .ARM.Collect$$libinit$$00000011          0x000002ca   Section        0  libinit2.o(.ARM.Collect$$libinit$$00000011)
    .ARM.Collect$$libinit$$00000013          0x000002ca   Section        0  libinit2.o(.ARM.Collect$$libinit$$00000013)
    .ARM.Collect$$libinit$$00000015          0x000002ca   Section        0  libinit2.o(.ARM.Collect$$libinit$$00000015)
    .ARM.Collect$$libinit$$00000017          0x000002ca   Section        0  libinit2.o(.ARM.Collect$$libinit$$00000017)
    .ARM.Collect$$libinit$$00000019          0x000002ca   Section        0  libinit2.o(.ARM.Collect$$libinit$$00000019)
    .ARM.Collect$$libinit$$0000001B          0x000002ca   Section        0  libinit2.o(.ARM.Collect$$libinit$$0000001B)
    .ARM.Collect$$libinit$$0000001D          0x000002ca   Section        0  libinit2.o(.ARM.Collect$$libinit$$0000001D)
    .ARM.Collect$$libinit$$0000001F          0x000002ca   Section        0  libinit2.o(.ARM.Collect$$libinit$$0000001F)
    .ARM.Collect$$libinit$$00000021          0x000002ca   Section        0  libinit2.o(.ARM.Collect$$libinit$$00000021)
    .ARM.Collect$$libinit$$00000023          0x000002ca   Section        0  libinit2.o(.ARM.Collect$$libinit$$00000023)
    .ARM.Collect$$libinit$$00000025          0x000002ca   Section        0  libinit2.o(.ARM.Collect$$libinit$$00000025)
    .ARM.Collect$$libinit$$0000002C          0x000002ca   Section        0  libinit2.o(.ARM.Collect$$libinit$$0000002C)
    .ARM.Collect$$libinit$$0000002E          0x000002ca   Section        0  libinit2.o(.ARM.Collect$$libinit$$0000002E)
    .ARM.Collect$$libinit$$00000030          0x000002ca   Section        0  libinit2.o(.ARM.Collect$$libinit$$00000030)
    .ARM.Collect$$libinit$$00000032          0x000002ca   Section        0  libinit2.o(.ARM.Collect$$libinit$$00000032)
    .ARM.Collect$$libinit$$00000033          0x000002ca   Section        2  libinit2.o(.ARM.Collect$$libinit$$00000033)
    .ARM.Collect$$libshutdown$$00000000      0x000002cc   Section        2  libshutdown.o(.ARM.Collect$$libshutdown$$00000000)
    .ARM.Collect$$libshutdown$$00000002      0x000002ce   Section        0  libshutdown2.o(.ARM.Collect$$libshutdown$$00000002)
    .ARM.Collect$$libshutdown$$00000004      0x000002ce   Section        0  libshutdown2.o(.ARM.Collect$$libshutdown$$00000004)
    .ARM.Collect$$libshutdown$$00000007      0x000002ce   Section        0  libshutdown2.o(.ARM.Collect$$libshutdown$$00000007)
    .ARM.Collect$$libshutdown$$0000000A      0x000002ce   Section        0  libshutdown2.o(.ARM.Collect$$libshutdown$$0000000A)
    .ARM.Collect$$libshutdown$$0000000C      0x000002ce   Section        0  libshutdown2.o(.ARM.Collect$$libshutdown$$0000000C)
    .ARM.Collect$$libshutdown$$0000000F      0x000002ce   Section        0  libshutdown2.o(.ARM.Collect$$libshutdown$$0000000F)
    .ARM.Collect$$libshutdown$$00000010      0x000002ce   Section        2  libshutdown2.o(.ARM.Collect$$libshutdown$$00000010)
    .ARM.Collect$$rtentry$$00000000          0x000002d0   Section        0  __rtentry.o(.ARM.Collect$$rtentry$$00000000)
    .ARM.Collect$$rtentry$$00000002          0x000002d0   Section        0  __rtentry2.o(.ARM.Collect$$rtentry$$00000002)
    .ARM.Collect$$rtentry$$00000004          0x000002d0   Section        6  __rtentry4.o(.ARM.Collect$$rtentry$$00000004)
    .ARM.Collect$$rtentry$$00000009          0x000002d6   Section        0  __rtentry2.o(.ARM.Collect$$rtentry$$00000009)
    .ARM.Collect$$rtentry$$0000000A          0x000002d6   Section        4  __rtentry2.o(.ARM.Collect$$rtentry$$0000000A)
    .ARM.Collect$$rtentry$$0000000C          0x000002da   Section        0  __rtentry2.o(.ARM.Collect$$rtentry$$0000000C)
    .ARM.Collect$$rtentry$$0000000D          0x000002da   Section        8  __rtentry2.o(.ARM.Collect$$rtentry$$0000000D)
    .ARM.Collect$$rtexit$$00000000           0x000002e2   Section        2  rtexit.o(.ARM.Collect$$rtexit$$00000000)
    .ARM.Collect$$rtexit$$00000002           0x000002e4   Section        0  rtexit2.o(.ARM.Collect$$rtexit$$00000002)
    .ARM.Collect$$rtexit$$00000003           0x000002e4   Section        4  rtexit2.o(.ARM.Collect$$rtexit$$00000003)
    .ARM.Collect$$rtexit$$00000004           0x000002e8   Section        6  rtexit2.o(.ARM.Collect$$rtexit$$00000004)
    $v0                                      0x000002f0   Number         0  sysctl.o(.emb_text)
    .emb_text                                0x000002f0   Section        6  sysctl.o(.emb_text)
    $v0                                      0x000002f8   Number         0  startup_tm4c123.o(.text)
    .text                                    0x000002f8   Section      276  startup_tm4c123.o(.text)
    .text                                    0x0000040c   Section        0  heapauxi.o(.text)
    .text                                    0x00000412   Section       74  sys_stackheap_outer.o(.text)
    .text                                    0x0000045c   Section        0  exit.o(.text)
    .text                                    0x00000470   Section        8  libspace.o(.text)
    .text                                    0x00000478   Section        0  sys_exit.o(.text)
    .text                                    0x00000484   Section        2  use_no_semi.o(.text)
    .text                                    0x00000486   Section        0  indicate_semi.o(.text)
    [Anonymous Symbol]                       0x00000488   Section        0  main.o(.text.GPIOPadConfigSet)
    [Anonymous Symbol]                       0x000006e0   Section        0  port.o(.text.PendSV_Handler)
    pxCurrentTCBConst                        0x00000740   Number         0  port.o(.text.PendSV_Handler)
    [Anonymous Symbol]                       0x00000750   Section        0  port.o(.text.SVC_Handler)
    pxCurrentTCBConst2                       0x00000770   Number         0  port.o(.text.SVC_Handler)
    [Anonymous Symbol]                       0x00000774   Section        0  port.o(.text.SysTick_Handler)
    [Anonymous Symbol]                       0x000007a4   Section        0  system_tm4c123.o(.text.SystemInit)
    [Anonymous Symbol]                       0x0000082c   Section        0  main.o(.text.Timer0IntHandler)
    [Anonymous Symbol]                       0x00000850   Section        0  main.o(.text.Uart0IntHandler)
    [Anonymous Symbol]                       0x00000884   Section        0  main.o(.text.main)
    [Anonymous Symbol]                       0x000008e0   Section        0  list.o(.text.uxListRemove)
    [Anonymous Symbol]                       0x00000904   Section        0  list.o(.text.vListInsertEnd)
    [Anonymous Symbol]                       0x00000920   Section        0  tasks.o(.text.vTaskSwitchContext)
    [Anonymous Symbol]                       0x000009a4   Section        0  tasks.o(.text.xTaskIncrementTick)
    i.SysCtlClockSet                         0x00000b24   Section        0  sysctl.o(i.SysCtlClockSet)
    i.SysCtlPeripheralEnable                 0x00000c44   Section        0  sysctl.o(i.SysCtlPeripheralEnable)
    i.TimerIntClear                          0x00000c6c   Section        0  timer.o(i.TimerIntClear)
    i.UARTCharsAvail                         0x00000c70   Section        0  uart.o(i.UARTCharsAvail)
    i.UARTIntClear                           0x00000c7a   Section        0  uart.o(i.UARTIntClear)
    i.UARTIntStatus                          0x00000c7e   Section        0  uart.o(i.UARTIntStatus)
    $v0                                      0x00000c88   Number         0  fpinit.o(x$fpl$fpinit)
    x$fpl$fpinit                             0x00000c88   Section       26  fpinit.o(x$fpl$fpinit)
    .bss                                     0x20000000   Section       96  libspace.o(.bss)
    pxDelayedTaskList                        0x20000064   Data           4  tasks.o(.bss.pxDelayedTaskList)
    [Anonymous Symbol]                       0x20000064   Section        0  tasks.o(.bss.pxDelayedTaskList)
    pxOverflowDelayedTaskList                0x20000068   Data           4  tasks.o(.bss.pxOverflowDelayedTaskList)
    [Anonymous Symbol]                       0x20000068   Section        0  tasks.o(.bss.pxOverflowDelayedTaskList)
    pxReadyTasksLists                        0x2000006c   Data         100  tasks.o(.bss.pxReadyTasksLists)
    [Anonymous Symbol]                       0x2000006c   Section        0  tasks.o(.bss.pxReadyTasksLists)
    uxSchedulerSuspended                     0x200000d0   Data           4  tasks.o(.bss.uxSchedulerSuspended)
    [Anonymous Symbol]                       0x200000d0   Section        0  tasks.o(.bss.uxSchedulerSuspended)
    uxTopReadyPriority                       0x200000d4   Data           4  tasks.o(.bss.uxTopReadyPriority)
    [Anonymous Symbol]                       0x200000d4   Section        0  tasks.o(.bss.uxTopReadyPriority)
    xNextTaskUnblockTime                     0x200000d8   Data           4  tasks.o(.bss.xNextTaskUnblockTime)
    [Anonymous Symbol]                       0x200000d8   Section        0  tasks.o(.bss.xNextTaskUnblockTime)
    xNumOfOverflows                          0x200000dc   Data           4  tasks.o(.bss.xNumOfOverflows)
    [Anonymous Symbol]                       0x200000dc   Section        0  tasks.o(.bss.xNumOfOverflows)
    xPendedTicks                             0x200000e0   Data           4  tasks.o(.bss.xPendedTicks)
    [Anonymous Symbol]                       0x200000e0   Section        0  tasks.o(.bss.xPendedTicks)
    xTickCount                               0x200000e4   Data           4  tasks.o(.bss.xTickCount)
    [Anonymous Symbol]                       0x200000e4   Section        0  tasks.o(.bss.xTickCount)
    xYieldPending                            0x200000e8   Data           4  tasks.o(.bss.xYieldPending)
    [Anonymous Symbol]                       0x200000e8   Section        0  tasks.o(.bss.xYieldPending)
    Heap_Mem                                 0x200000f0   Data           0  startup_tm4c123.o(HEAP)
    Stack_Mem                                0x200000f0   Data         512  startup_tm4c123.o(STACK)
    HEAP                                     0x200000f0   Section        0  startup_tm4c123.o(HEAP)
    STACK                                    0x200000f0   Section      512  startup_tm4c123.o(STACK)
    __initial_sp                             0x200002f0   Data           0  startup_tm4c123.o(STACK)

    Global Symbols

    Symbol Name                              Value     Ov Type        Size  Object(Section)

    BuildAttributes$$THM_ISAv4$E$P$D$K$B$S$7EM$VFPi3$EXTD16$VFPS$VFMA$PE$A:L22UL41UL21$X:L11$S22US41US21$IEEE1$IW$~IW$USESV6$~STKCKD$USESV7$~SHL$OTIME$ROPI$EBA8$UX$STANDARDLIB$REQ8$PRES8$EABIv2 0x00000000   Number         0  anon$$obj.o ABSOLUTE
    __Vectors                                0x00000000   Data           4  startup_tm4c123.o(RESET)
    __ARM_exceptions_init                     - Undefined Weak Reference
    __alloca_initialize                       - Undefined Weak Reference
    __arm_preinit_                            - Undefined Weak Reference
    __cpp_initialize__aeabi_                  - Undefined Weak Reference
    __cxa_finalize                            - Undefined Weak Reference
    __rt_locale                               - Undefined Weak Reference
    __sigvec_lookup                           - Undefined Weak Reference
    _atexit_init                              - Undefined Weak Reference
    _call_atexit_fns                          - Undefined Weak Reference
    _clock_init                               - Undefined Weak Reference
    _fp_trap_init                             - Undefined Weak Reference
    _fp_trap_shutdown                         - Undefined Weak Reference
    _get_lc_collate                           - Undefined Weak Reference
    _get_lc_ctype                             - Undefined Weak Reference
    _get_lc_monetary                          - Undefined Weak Reference
    _get_lc_numeric                           - Undefined Weak Reference
    _get_lc_time                              - Undefined Weak Reference
    _getenv_init                              - Undefined Weak Reference
    _handle_redirection                       - Undefined Weak Reference
    _init_alloc                               - Undefined Weak Reference
    _init_user_alloc                          - Undefined Weak Reference
    _initio                                   - Undefined Weak Reference
    _rand_init                                - Undefined Weak Reference
    _signal_finish                            - Undefined Weak Reference
    _signal_init                              - Undefined Weak Reference
    _terminate_alloc                          - Undefined Weak Reference
    _terminate_user_alloc                     - Undefined Weak Reference
    _terminateio                              - Undefined Weak Reference
    __Vectors_End                            0x0000026c   Data           0  startup_tm4c123.o(RESET)
    __Vectors_Size                           0x0000026c   Number         0  startup_tm4c123.o ABSOLUTE
    __main                                   0x0000026d   Thumb Code     8  __main.o(!!!main)
    __scatterload                            0x00000275   Thumb Code     0  __scatter.o(!!!scatter)
    __scatterload_rt2                        0x00000275   Thumb Code    44  __scatter.o(!!!scatter)
    __scatterload_rt2_thumb_only             0x00000275   Thumb Code     0  __scatter.o(!!!scatter)
    __scatterload_null                       0x00000283   Thumb Code     0  __scatter.o(!!!scatter)
    __scatterload_zeroinit                   0x000002a9   Thumb Code    28  __scatter_zi.o(!!handler_zi)
    __rt_lib_init                            0x000002c5   Thumb Code     0  libinit.o(.ARM.Collect$$libinit$$00000000)
    __rt_lib_init_fp_1                       0x000002c7   Thumb Code     0  libinit2.o(.ARM.Collect$$libinit$$00000001)
    __rt_lib_init_alloca_1                   0x000002cb   Thumb Code     0  libinit2.o(.ARM.Collect$$libinit$$0000002E)
    __rt_lib_init_argv_1                     0x000002cb   Thumb Code     0  libinit2.o(.ARM.Collect$$libinit$$0000002C)
    __rt_lib_init_atexit_1                   0x000002cb   Thumb Code     0  libinit2.o(.ARM.Collect$$libinit$$0000001B)
    __rt_lib_init_clock_1                    0x000002cb   Thumb Code     0  libinit2.o(.ARM.Collect$$libinit$$00000021)
    __rt_lib_init_cpp_1                      0x000002cb   Thumb Code     0  libinit2.o(.ARM.Collect$$libinit$$00000032)
    __rt_lib_init_exceptions_1               0x000002cb   Thumb Code     0  libinit2.o(.ARM.Collect$$libinit$$00000030)
    __rt_lib_init_fp_trap_1                  0x000002cb   Thumb Code     0  libinit2.o(.ARM.Collect$$libinit$$0000001F)
    __rt_lib_init_getenv_1                   0x000002cb   Thumb Code     0  libinit2.o(.ARM.Collect$$libinit$$00000023)
    __rt_lib_init_heap_1                     0x000002cb   Thumb Code     0  libinit2.o(.ARM.Collect$$libinit$$0000000A)
    __rt_lib_init_lc_collate_1               0x000002cb   Thumb Code     0  libinit2.o(.ARM.Collect$$libinit$$00000011)
    __rt_lib_init_lc_ctype_1                 0x000002cb   Thumb Code     0  libinit2.o(.ARM.Collect$$libinit$$00000013)
    __rt_lib_init_lc_monetary_1              0x000002cb   Thumb Code     0  libinit2.o(.ARM.Collect$$libinit$$00000015)
    __rt_lib_init_lc_numeric_1               0x000002cb   Thumb Code     0  libinit2.o(.ARM.Collect$$libinit$$00000017)
    __rt_lib_init_lc_time_1                  0x000002cb   Thumb Code     0  libinit2.o(.ARM.Collect$$libinit$$00000019)
    __rt_lib_init_preinit_1                  0x000002cb   Thumb Code     0  libinit2.o(.ARM.Collect$$libinit$$00000004)
    __rt_lib_init_rand_1                     0x000002cb   Thumb Code     0  libinit2.o(.ARM.Collect$$libinit$$0000000E)
    __rt_lib_init_return                     0x000002cb   Thumb Code     0  libinit2.o(.ARM.Collect$$libinit$$00000033)
    __rt_lib_init_signal_1                   0x000002cb   Thumb Code     0  libinit2.o(.ARM.Collect$$libinit$$0000001D)
    __rt_lib_init_stdio_1                    0x000002cb   Thumb Code     0  libinit2.o(.ARM.Collect$$libinit$$00000025)
    __rt_lib_init_user_alloc_1               0x000002cb   Thumb Code     0  libinit2.o(.ARM.Collect$$libinit$$0000000C)
    __rt_lib_shutdown                        0x000002cd   Thumb Code     0  libshutdown.o(.ARM.Collect$$libshutdown$$00000000)
    __rt_lib_shutdown_cpp_1                  0x000002cf   Thumb Code     0  libshutdown2.o(.ARM.Collect$$libshutdown$$00000002)
    __rt_lib_shutdown_fp_trap_1              0x000002cf   Thumb Code     0  libshutdown2.o(.ARM.Collect$$libshutdown$$00000007)
    __rt_lib_shutdown_heap_1                 0x000002cf   Thumb Code     0  libshutdown2.o(.ARM.Collect$$libshutdown$$0000000F)
    __rt_lib_shutdown_return                 0x000002cf   Thumb Code     0  libshutdown2.o(.ARM.Collect$$libshutdown$$00000010)
    __rt_lib_shutdown_signal_1               0x000002cf   Thumb Code     0  libshutdown2.o(.ARM.Collect$$libshutdown$$0000000A)
    __rt_lib_shutdown_stdio_1                0x000002cf   Thumb Code     0  libshutdown2.o(.ARM.Collect$$libshutdown$$00000004)
    __rt_lib_shutdown_user_alloc_1           0x000002cf   Thumb Code     0  libshutdown2.o(.ARM.Collect$$libshutdown$$0000000C)
    __rt_entry                               0x000002d1   Thumb Code     0  __rtentry.o(.ARM.Collect$$rtentry$$00000000)
    __rt_entry_presh_1                       0x000002d1   Thumb Code     0  __rtentry2.o(.ARM.Collect$$rtentry$$00000002)
    __rt_entry_sh                            0x000002d1   Thumb Code     0  __rtentry4.o(.ARM.Collect$$rtentry$$00000004)
    __rt_entry_li                            0x000002d7   Thumb Code     0  __rtentry2.o(.ARM.Collect$$rtentry$$0000000A)
    __rt_entry_postsh_1                      0x000002d7   Thumb Code     0  __rtentry2.o(.ARM.Collect$$rtentry$$00000009)
    __rt_entry_main                          0x000002db   Thumb Code     0  __rtentry2.o(.ARM.Collect$$rtentry$$0000000D)
    __rt_entry_postli_1                      0x000002db   Thumb Code     0  __rtentry2.o(.ARM.Collect$$rtentry$$0000000C)
    __rt_exit                                0x000002e3   Thumb Code     0  rtexit.o(.ARM.Collect$$rtexit$$00000000)
    __rt_exit_ls                             0x000002e5   Thumb Code     0  rtexit2.o(.ARM.Collect$$rtexit$$00000003)
    __rt_exit_prels_1                        0x000002e5   Thumb Code     0  rtexit2.o(.ARM.Collect$$rtexit$$00000002)
    __rt_exit_exit                           0x000002e9   Thumb Code     0  rtexit2.o(.ARM.Collect$$rtexit$$00000004)
    SysCtlDelay                              0x000002f1   Thumb Code     6  sysctl.o(.emb_text)
    Reset_Handler                            0x000002f9   Thumb Code     8  startup_tm4c123.o(.text)
    NMI_Handler                              0x00000301   Thumb Code     2  startup_tm4c123.o(.text)
    HardFault_Handler                        0x00000303   Thumb Code     2  startup_tm4c123.o(.text)
    MemManage_Handler                        0x00000305   Thumb Code     2  startup_tm4c123.o(.text)
    BusFault_Handler                         0x00000307   Thumb Code     2  startup_tm4c123.o(.text)
    UsageFault_Handler                       0x00000309   Thumb Code     2  startup_tm4c123.o(.text)
    DebugMon_Handler                         0x0000030d   Thumb Code     2  startup_tm4c123.o(.text)
    GPIOA_Handler                            0x00000313   Thumb Code     2  startup_tm4c123.o(.text)
    GPIOB_Handler                            0x00000315   Thumb Code     2  startup_tm4c123.o(.text)
    GPIOC_Handler                            0x00000317   Thumb Code     2  startup_tm4c123.o(.text)
    GPIOD_Handler                            0x00000319   Thumb Code     2  startup_tm4c123.o(.text)
    GPIOE_Handler                            0x0000031b   Thumb Code     2  startup_tm4c123.o(.text)
    UART0_Handler                            0x0000031d   Thumb Code     2  startup_tm4c123.o(.text)
    UART1_Handler                            0x0000031f   Thumb Code     2  startup_tm4c123.o(.text)
    SSI0_Handler                             0x00000321   Thumb Code     2  startup_tm4c123.o(.text)
    I2C0_Handler                             0x00000323   Thumb Code     2  startup_tm4c123.o(.text)
    PMW0_FAULT_Handler                       0x00000325   Thumb Code     2  startup_tm4c123.o(.text)
    PWM0_0_Handler                           0x00000327   Thumb Code     2  startup_tm4c123.o(.text)
    PWM0_1_Handler                           0x00000329   Thumb Code     2  startup_tm4c123.o(.text)
    PWM0_2_Handler                           0x0000032b   Thumb Code     2  startup_tm4c123.o(.text)
    QEI0_Handler                             0x0000032d   Thumb Code     2  startup_tm4c123.o(.text)
    ADC0SS0_Handler                          0x0000032f   Thumb Code     2  startup_tm4c123.o(.text)
    ADC0SS1_Handler                          0x00000331   Thumb Code     2  startup_tm4c123.o(.text)
    ADC0SS2_Handler                          0x00000333   Thumb Code     2  startup_tm4c123.o(.text)
    ADC0SS3_Handler                          0x00000335   Thumb Code     2  startup_tm4c123.o(.text)
    WDT0_Handler                             0x00000337   Thumb Code     2  startup_tm4c123.o(.text)
    TIMER0A_Handler                          0x00000339   Thumb Code     2  startup_tm4c123.o(.text)
    TIMER0B_Handler                          0x0000033b   Thumb Code     2  startup_tm4c123.o(.text)
    TIMER1A_Handler                          0x0000033d   Thumb Code     2  startup_tm4c123.o(.text)
    TIMER1B_Handler                          0x0000033f   Thumb Code     2  startup_tm4c123.o(.text)
    TIMER2A_Handler                          0x00000341   Thumb Code     2  startup_tm4c123.o(.text)
    TIMER2B_Handler                          0x00000343   Thumb Code     2  startup_tm4c123.o(.text)
    COMP0_Handler                            0x00000345   Thumb Code     2  startup_tm4c123.o(.text)
    COMP1_Handler                            0x00000347   Thumb Code     2  startup_tm4c123.o(.text)
    COMP2_Handler                            0x00000349   Thumb Code     2  startup_tm4c123.o(.text)
    SYSCTL_Handler                           0x0000034b   Thumb Code     2  startup_tm4c123.o(.text)
    FLASH_Handler                            0x0000034d   Thumb Code     2  startup_tm4c123.o(.text)
    GPIOF_Handler                            0x0000034f   Thumb Code     2  startup_tm4c123.o(.text)
    GPIOG_Handler                            0x00000351   Thumb Code     2  startup_tm4c123.o(.text)
    GPIOH_Handler                            0x00000353   Thumb Code     2  startup_tm4c123.o(.text)
    UART2_Handler                            0x00000355   Thumb Code     2  startup_tm4c123.o(.text)
    SSI1_Handler                             0x00000357   Thumb Code     2  startup_tm4c123.o(.text)
    TIMER3A_Handler                          0x00000359   Thumb Code     2  startup_tm4c123.o(.text)
    TIMER3B_Handler                          0x0000035b   Thumb Code     2  startup_tm4c123.o(.text)
    I2C1_Handler                             0x0000035d   Thumb Code     2  startup_tm4c123.o(.text)
    QEI1_Handler                             0x0000035f   Thumb Code     2  startup_tm4c123.o(.text)
    CAN0_Handler                             0x00000361   Thumb Code     2  startup_tm4c123.o(.text)
    CAN1_Handler                             0x00000363   Thumb Code     2  startup_tm4c123.o(.text)
    CAN2_Handler                             0x00000365   Thumb Code     2  startup_tm4c123.o(.text)
    HIB_Handler                              0x00000367   Thumb Code     2  startup_tm4c123.o(.text)
    USB0_Handler                             0x00000369   Thumb Code     2  startup_tm4c123.o(.text)
    PWM0_3_Handler                           0x0000036b   Thumb Code     2  startup_tm4c123.o(.text)
    UDMA_Handler                             0x0000036d   Thumb Code     2  startup_tm4c123.o(.text)
    UDMAERR_Handler                          0x0000036f   Thumb Code     2  startup_tm4c123.o(.text)
    ADC1SS0_Handler                          0x00000371   Thumb Code     2  startup_tm4c123.o(.text)
    ADC1SS1_Handler                          0x00000373   Thumb Code     2  startup_tm4c123.o(.text)
    ADC1SS2_Handler                          0x00000375   Thumb Code     2  startup_tm4c123.o(.text)
    ADC1SS3_Handler                          0x00000377   Thumb Code     2  startup_tm4c123.o(.text)
    GPIOJ_Handler                            0x00000379   Thumb Code     2  startup_tm4c123.o(.text)
    GPIOK_Handler                            0x0000037b   Thumb Code     2  startup_tm4c123.o(.text)
    GPIOL_Handler                            0x0000037d   Thumb Code     2  startup_tm4c123.o(.text)
    SSI2_Handler                             0x0000037f   Thumb Code     2  startup_tm4c123.o(.text)
    SSI3_Handler                             0x00000381   Thumb Code     2  startup_tm4c123.o(.text)
    UART3_Handler                            0x00000383   Thumb Code     2  startup_tm4c123.o(.text)
    UART4_Handler                            0x00000385   Thumb Code     2  startup_tm4c123.o(.text)
    UART5_Handler                            0x00000387   Thumb Code     2  startup_tm4c123.o(.text)
    UART6_Handler                            0x00000389   Thumb Code     2  startup_tm4c123.o(.text)
    UART7_Handler                            0x0000038b   Thumb Code     2  startup_tm4c123.o(.text)
    I2C2_Handler                             0x0000038d   Thumb Code     2  startup_tm4c123.o(.text)
    I2C3_Handler                             0x0000038f   Thumb Code     2  startup_tm4c123.o(.text)
    TIMER4A_Handler                          0x00000391   Thumb Code     2  startup_tm4c123.o(.text)
    TIMER4B_Handler                          0x00000393   Thumb Code     2  startup_tm4c123.o(.text)
    TIMER5A_Handler                          0x00000395   Thumb Code     2  startup_tm4c123.o(.text)
    TIMER5B_Handler                          0x00000397   Thumb Code     2  startup_tm4c123.o(.text)
    WTIMER0A_Handler                         0x00000399   Thumb Code     2  startup_tm4c123.o(.text)
    WTIMER0B_Handler                         0x0000039b   Thumb Code     2  startup_tm4c123.o(.text)
    WTIMER1A_Handler                         0x0000039d   Thumb Code     2  startup_tm4c123.o(.text)
    WTIMER1B_Handler                         0x0000039f   Thumb Code     2  startup_tm4c123.o(.text)
    WTIMER2A_Handler                         0x000003a1   Thumb Code     2  startup_tm4c123.o(.text)
    WTIMER2B_Handler                         0x000003a3   Thumb Code     2  startup_tm4c123.o(.text)
    WTIMER3A_Handler                         0x000003a5   Thumb Code     2  startup_tm4c123.o(.text)
    WTIMER3B_Handler                         0x000003a7   Thumb Code     2  startup_tm4c123.o(.text)
    WTIMER4A_Handler                         0x000003a9   Thumb Code     2  startup_tm4c123.o(.text)
    WTIMER4B_Handler                         0x000003ab   Thumb Code     2  startup_tm4c123.o(.text)
    WTIMER5A_Handler                         0x000003ad   Thumb Code     2  startup_tm4c123.o(.text)
    WTIMER5B_Handler                         0x000003af   Thumb Code     2  startup_tm4c123.o(.text)
    FPU_Handler                              0x000003b1   Thumb Code     2  startup_tm4c123.o(.text)
    I2C4_Handler                             0x000003b3   Thumb Code     2  startup_tm4c123.o(.text)
    I2C5_Handler                             0x000003b5   Thumb Code     2  startup_tm4c123.o(.text)
    GPIOM_Handler                            0x000003b7   Thumb Code     2  startup_tm4c123.o(.text)
    GPION_Handler                            0x000003b9   Thumb Code     2  startup_tm4c123.o(.text)
    QEI2_Handler                             0x000003bb   Thumb Code     2  startup_tm4c123.o(.text)
    GPIOP0_Handler                           0x000003bd   Thumb Code     2  startup_tm4c123.o(.text)
    GPIOP1_Handler                           0x000003bf   Thumb Code     2  startup_tm4c123.o(.text)
    GPIOP2_Handler                           0x000003c1   Thumb Code     2  startup_tm4c123.o(.text)
    GPIOP3_Handler                           0x000003c3   Thumb Code     2  startup_tm4c123.o(.text)
    GPIOP4_Handler                           0x000003c5   Thumb Code     2  startup_tm4c123.o(.text)
    GPIOP5_Handler                           0x000003c7   Thumb Code     2  startup_tm4c123.o(.text)
    GPIOP6_Handler                           0x000003c9   Thumb Code     2  startup_tm4c123.o(.text)
    GPIOP7_Handler                           0x000003cb   Thumb Code     2  startup_tm4c123.o(.text)
    GPIOQ0_Handler                           0x000003cd   Thumb Code     2  startup_tm4c123.o(.text)
    GPIOQ1_Handler                           0x000003cf   Thumb Code     2  startup_tm4c123.o(.text)
    GPIOQ2_Handler                           0x000003d1   Thumb Code     2  startup_tm4c123.o(.text)
    GPIOQ3_Handler                           0x000003d3   Thumb Code     2  startup_tm4c123.o(.text)
    GPIOQ4_Handler                           0x000003d5   Thumb Code     2  startup_tm4c123.o(.text)
    GPIOQ5_Handler                           0x000003d7   Thumb Code     2  startup_tm4c123.o(.text)
    GPIOQ6_Handler                           0x000003d9   Thumb Code     2  startup_tm4c123.o(.text)
    GPIOQ7_Handler                           0x000003db   Thumb Code     2  startup_tm4c123.o(.text)
    GPIOR_Handler                            0x000003dd   Thumb Code     2  startup_tm4c123.o(.text)
    GPIOS_Handler                            0x000003df   Thumb Code     2  startup_tm4c123.o(.text)
    PMW1_0_Handler                           0x000003e1   Thumb Code     2  startup_tm4c123.o(.text)
    PWM1_1_Handler                           0x000003e3   Thumb Code     2  startup_tm4c123.o(.text)
    PWM1_2_Handler                           0x000003e5   Thumb Code     2  startup_tm4c123.o(.text)
    PWM1_3_Handler                           0x000003e7   Thumb Code     2  startup_tm4c123.o(.text)
    PWM1_FAULT_Handler                       0x000003e9   Thumb Code     2  startup_tm4c123.o(.text)
    __user_initial_stackheap                 0x000003ed   Thumb Code     0  startup_tm4c123.o(.text)
    __use_two_region_memory                  0x0000040d   Thumb Code     2  heapauxi.o(.text)
    __rt_heap_escrow$2region                 0x0000040f   Thumb Code     2  heapauxi.o(.text)
    __rt_heap_expand$2region                 0x00000411   Thumb Code     2  heapauxi.o(.text)
    __user_setup_stackheap                   0x00000413   Thumb Code    74  sys_stackheap_outer.o(.text)
    exit                                     0x0000045d   Thumb Code    18  exit.o(.text)
    __user_libspace                          0x00000471   Thumb Code     8  libspace.o(.text)
    __user_perproc_libspace                  0x00000471   Thumb Code     0  libspace.o(.text)
    __user_perthread_libspace                0x00000471   Thumb Code     0  libspace.o(.text)
    _sys_exit                                0x00000479   Thumb Code     8  sys_exit.o(.text)
    __I$use$semihosting                      0x00000485   Thumb Code     0  use_no_semi.o(.text)
    __use_no_semihosting_swi                 0x00000485   Thumb Code     2  use_no_semi.o(.text)
    __semihosting_library_function           0x00000487   Thumb Code     0  indicate_semi.o(.text)
    GPIOPadConfigSet                         0x00000489   Thumb Code   588  main.o(.text.GPIOPadConfigSet)
    PendSV_Handler                           0x000006e1   Thumb Code   100  port.o(.text.PendSV_Handler)
    SVC_Handler                              0x00000751   Thumb Code    36  port.o(.text.SVC_Handler)
    SysTick_Handler                          0x00000775   Thumb Code    46  port.o(.text.SysTick_Handler)
    SystemInit                               0x000007a5   Thumb Code   136  system_tm4c123.o(.text.SystemInit)
    Timer0IntHandler                         0x0000082d   Thumb Code    36  main.o(.text.Timer0IntHandler)
    Uart0IntHandler                          0x00000851   Thumb Code    52  main.o(.text.Uart0IntHandler)
    main                                     0x00000885   Thumb Code    90  main.o(.text.main)
    uxListRemove                             0x000008e1   Thumb Code    36  list.o(.text.uxListRemove)
    vListInsertEnd                           0x00000905   Thumb Code    28  list.o(.text.vListInsertEnd)
    vTaskSwitchContext                       0x00000921   Thumb Code   130  tasks.o(.text.vTaskSwitchContext)
    xTaskIncrementTick                       0x000009a5   Thumb Code   384  tasks.o(.text.xTaskIncrementTick)
    SysCtlClockSet                           0x00000b25   Thumb Code   270  sysctl.o(i.SysCtlClockSet)
    SysCtlPeripheralEnable                   0x00000c45   Thumb Code    36  sysctl.o(i.SysCtlPeripheralEnable)
    TimerIntClear                            0x00000c6d   Thumb Code     4  timer.o(i.TimerIntClear)
    UARTCharsAvail                           0x00000c71   Thumb Code    10  uart.o(i.UARTCharsAvail)
    UARTIntClear                             0x00000c7b   Thumb Code     4  uart.o(i.UARTIntClear)
    UARTIntStatus                            0x00000c7f   Thumb Code    10  uart.o(i.UARTIntStatus)
    _fp_init                                 0x00000c89   Thumb Code    26  fpinit.o(x$fpl$fpinit)
    __fplib_config_fpu_vfp                   0x00000ca1   Thumb Code     0  fpinit.o(x$fpl$fpinit)
    __fplib_config_pureend_doubles           0x00000ca1   Thumb Code     0  fpinit.o(x$fpl$fpinit)
    Region$$Table$$Base                      0x00000ca4   Number         0  anon$$obj.o(Region$$Table)
    Region$$Table$$Limit                     0x00000cb4   Number         0  anon$$obj.o(Region$$Table)
    __libspace_start                         0x20000000   Data          96  libspace.o(.bss)
    __temporary_stack_top$libspace           0x20000060   Data           0  libspace.o(.bss)
    pxCurrentTCB                             0x20000060   Data           4  tasks.o(.bss.pxCurrentTCB)



==============================================================================

Memory Map of the image

  Image Entry point : 0x000002f9

  Load Region LR_1 (Base: 0x00000000, Size: 0x00000cb4, Max: 0xffffffff, ABSOLUTE)

    Execution Region ER_RO (Exec base: 0x00000000, Load base: 0x00000000, Size: 0x00000cb4, Max: 0xffffffff, ABSOLUTE)

    Exec Addr    Load Addr    Size         Type   Attr      Idx    E Section Name        Object

    0x00000000   0x00000000   0x0000026c   Data   RO          157    RESET               startup_tm4c123.o
    0x0000026c   0x0000026c   0x00000008   Code   RO         1807  * !!!main             c_w.l(__main.o)
    0x00000274   0x00000274   0x00000034   Code   RO         1974    !!!scatter          c_w.l(__scatter.o)
    0x000002a8   0x000002a8   0x0000001c   Code   RO         1976    !!handler_zi        c_w.l(__scatter_zi.o)
    0x000002c4   0x000002c4   0x00000002   Code   RO         1838    .ARM.Collect$$libinit$$00000000  c_w.l(libinit.o)
    0x000002c6   0x000002c6   0x00000004   Code   RO         1844    .ARM.Collect$$libinit$$00000001  c_w.l(libinit2.o)
    0x000002ca   0x000002ca   0x00000000   Code   RO         1847    .ARM.Collect$$libinit$$00000004  c_w.l(libinit2.o)
    0x000002ca   0x000002ca   0x00000000   Code   RO         1850    .ARM.Collect$$libinit$$0000000A  c_w.l(libinit2.o)
    0x000002ca   0x000002ca   0x00000000   Code   RO         1852    .ARM.Collect$$libinit$$0000000C  c_w.l(libinit2.o)
    0x000002ca   0x000002ca   0x00000000   Code   RO         1854    .ARM.Collect$$libinit$$0000000E  c_w.l(libinit2.o)
    0x000002ca   0x000002ca   0x00000000   Code   RO         1857    .ARM.Collect$$libinit$$00000011  c_w.l(libinit2.o)
    0x000002ca   0x000002ca   0x00000000   Code   RO         1859    .ARM.Collect$$libinit$$00000013  c_w.l(libinit2.o)
    0x000002ca   0x000002ca   0x00000000   Code   RO         1861    .ARM.Collect$$libinit$$00000015  c_w.l(libinit2.o)
    0x000002ca   0x000002ca   0x00000000   Code   RO         1863    .ARM.Collect$$libinit$$00000017  c_w.l(libinit2.o)
    0x000002ca   0x000002ca   0x00000000   Code   RO         1865    .ARM.Collect$$libinit$$00000019  c_w.l(libinit2.o)
    0x000002ca   0x000002ca   0x00000000   Code   RO         1867    .ARM.Collect$$libinit$$0000001B  c_w.l(libinit2.o)
    0x000002ca   0x000002ca   0x00000000   Code   RO         1869    .ARM.Collect$$libinit$$0000001D  c_w.l(libinit2.o)
    0x000002ca   0x000002ca   0x00000000   Code   RO         1871    .ARM.Collect$$libinit$$0000001F  c_w.l(libinit2.o)
    0x000002ca   0x000002ca   0x00000000   Code   RO         1873    .ARM.Collect$$libinit$$00000021  c_w.l(libinit2.o)
    0x000002ca   0x000002ca   0x00000000   Code   RO         1875    .ARM.Collect$$libinit$$00000023  c_w.l(libinit2.o)
    0x000002ca   0x000002ca   0x00000000   Code   RO         1877    .ARM.Collect$$libinit$$00000025  c_w.l(libinit2.o)
    0x000002ca   0x000002ca   0x00000000   Code   RO         1881    .ARM.Collect$$libinit$$0000002C  c_w.l(libinit2.o)
    0x000002ca   0x000002ca   0x00000000   Code   RO         1883    .ARM.Collect$$libinit$$0000002E  c_w.l(libinit2.o)
    0x000002ca   0x000002ca   0x00000000   Code   RO         1885    .ARM.Collect$$libinit$$00000030  c_w.l(libinit2.o)
    0x000002ca   0x000002ca   0x00000000   Code   RO         1887    .ARM.Collect$$libinit$$00000032  c_w.l(libinit2.o)
    0x000002ca   0x000002ca   0x00000002   Code   RO         1888    .ARM.Collect$$libinit$$00000033  c_w.l(libinit2.o)
    0x000002cc   0x000002cc   0x00000002   Code   RO         1910    .ARM.Collect$$libshutdown$$00000000  c_w.l(libshutdown.o)
    0x000002ce   0x000002ce   0x00000000   Code   RO         1925    .ARM.Collect$$libshutdown$$00000002  c_w.l(libshutdown2.o)
    0x000002ce   0x000002ce   0x00000000   Code   RO         1927    .ARM.Collect$$libshutdown$$00000004  c_w.l(libshutdown2.o)
    0x000002ce   0x000002ce   0x00000000   Code   RO         1930    .ARM.Collect$$libshutdown$$00000007  c_w.l(libshutdown2.o)
    0x000002ce   0x000002ce   0x00000000   Code   RO         1933    .ARM.Collect$$libshutdown$$0000000A  c_w.l(libshutdown2.o)
    0x000002ce   0x000002ce   0x00000000   Code   RO         1935    .ARM.Collect$$libshutdown$$0000000C  c_w.l(libshutdown2.o)
    0x000002ce   0x000002ce   0x00000000   Code   RO         1938    .ARM.Collect$$libshutdown$$0000000F  c_w.l(libshutdown2.o)
    0x000002ce   0x000002ce   0x00000002   Code   RO         1939    .ARM.Collect$$libshutdown$$00000010  c_w.l(libshutdown2.o)
    0x000002d0   0x000002d0   0x00000000   Code   RO         1809    .ARM.Collect$$rtentry$$00000000  c_w.l(__rtentry.o)
    0x000002d0   0x000002d0   0x00000000   Code   RO         1815    .ARM.Collect$$rtentry$$00000002  c_w.l(__rtentry2.o)
    0x000002d0   0x000002d0   0x00000006   Code   RO         1827    .ARM.Collect$$rtentry$$00000004  c_w.l(__rtentry4.o)
    0x000002d6   0x000002d6   0x00000000   Code   RO         1817    .ARM.Collect$$rtentry$$00000009  c_w.l(__rtentry2.o)
    0x000002d6   0x000002d6   0x00000004   Code   RO         1818    .ARM.Collect$$rtentry$$0000000A  c_w.l(__rtentry2.o)
    0x000002da   0x000002da   0x00000000   Code   RO         1820    .ARM.Collect$$rtentry$$0000000C  c_w.l(__rtentry2.o)
    0x000002da   0x000002da   0x00000008   Code   RO         1821    .ARM.Collect$$rtentry$$0000000D  c_w.l(__rtentry2.o)
    0x000002e2   0x000002e2   0x00000002   Code   RO         1842    .ARM.Collect$$rtexit$$00000000  c_w.l(rtexit.o)
    0x000002e4   0x000002e4   0x00000000   Code   RO         1890    .ARM.Collect$$rtexit$$00000002  c_w.l(rtexit2.o)
    0x000002e4   0x000002e4   0x00000004   Code   RO         1891    .ARM.Collect$$rtexit$$00000003  c_w.l(rtexit2.o)
    0x000002e8   0x000002e8   0x00000006   Code   RO         1892    .ARM.Collect$$rtexit$$00000004  c_w.l(rtexit2.o)
    0x000002ee   0x000002ee   0x00000002   PAD
    0x000002f0   0x000002f0   0x00000006   Code   RO          902    .emb_text           driverlib.lib(sysctl.o)
    0x000002f6   0x000002f6   0x00000002   PAD
    0x000002f8   0x000002f8   0x00000114   Code   RO          158  * .text               startup_tm4c123.o
    0x0000040c   0x0000040c   0x00000006   Code   RO         1805    .text               c_w.l(heapauxi.o)
    0x00000412   0x00000412   0x0000004a   Code   RO         1829    .text               c_w.l(sys_stackheap_outer.o)
    0x0000045c   0x0000045c   0x00000012   Code   RO         1831    .text               c_w.l(exit.o)
    0x0000046e   0x0000046e   0x00000002   PAD
    0x00000470   0x00000470   0x00000008   Code   RO         1839    .text               c_w.l(libspace.o)
    0x00000478   0x00000478   0x0000000c   Code   RO         1900    .text               c_w.l(sys_exit.o)
    0x00000484   0x00000484   0x00000002   Code   RO         1915    .text               c_w.l(use_no_semi.o)
    0x00000486   0x00000486   0x00000000   Code   RO         1917    .text               c_w.l(indicate_semi.o)
    0x00000486   0x00000486   0x00000002   PAD
    0x00000488   0x00000488   0x0000024c   Code   RO           10    .text.GPIOPadConfigSet  main.o
    0x000006d4   0x000006d4   0x0000000c   PAD
    0x000006e0   0x000006e0   0x00000064   Code   RO          218    .text.PendSV_Handler  port.o
    0x00000744   0x00000744   0x0000000c   PAD
    0x00000750   0x00000750   0x00000024   Code   RO          202    .text.SVC_Handler   port.o
    0x00000774   0x00000774   0x0000002e   Code   RO          220    .text.SysTick_Handler  port.o
    0x000007a2   0x000007a2   0x00000002   PAD
    0x000007a4   0x000007a4   0x00000088   Code   RO          167    .text.SystemInit    system_tm4c123.o
    0x0000082c   0x0000082c   0x00000024   Code   RO          102    .text.Timer0IntHandler  main.o
    0x00000850   0x00000850   0x00000034   Code   RO          108    .text.Uart0IntHandler  main.o
    0x00000884   0x00000884   0x0000005a   Code   RO          100    .text.main          main.o
    0x000008de   0x000008de   0x00000002   PAD
    0x000008e0   0x000008e0   0x00000024   Code   RO          188    .text.uxListRemove  list.o
    0x00000904   0x00000904   0x0000001c   Code   RO          184    .text.vListInsertEnd  list.o
    0x00000920   0x00000920   0x00000082   Code   RO          355    .text.vTaskSwitchContext  tasks.o
    0x000009a2   0x000009a2   0x00000002   PAD
    0x000009a4   0x000009a4   0x00000180   Code   RO          367    .text.xTaskIncrementTick  tasks.o
    0x00000b24   0x00000b24   0x00000120   Code   RO          907    i.SysCtlClockSet    driverlib.lib(sysctl.o)
    0x00000c44   0x00000c44   0x00000028   Code   RO          936    i.SysCtlPeripheralEnable  driverlib.lib(sysctl.o)
    0x00000c6c   0x00000c6c   0x00000004   Code   RO         1264    i.TimerIntClear     driverlib.lib(timer.o)
    0x00000c70   0x00000c70   0x0000000a   Code   RO         1502    i.UARTCharsAvail    driverlib.lib(uart.o)
    0x00000c7a   0x00000c7a   0x00000004   Code   RO         1519    i.UARTIntClear      driverlib.lib(uart.o)
    0x00000c7e   0x00000c7e   0x0000000a   Code   RO         1523    i.UARTIntStatus     driverlib.lib(uart.o)
    0x00000c88   0x00000c88   0x0000001a   Code   RO         1898    x$fpl$fpinit        fz_wm.l(fpinit.o)
    0x00000ca2   0x00000ca2   0x00000002   PAD
    0x00000ca4   0x00000ca4   0x00000010   Data   RO         1973    Region$$Table       anon$$obj.o


    Execution Region ER_RW (Exec base: 0x20000000, Load base: 0x00000cb4, Size: 0x00000000, Max: 0xffffffff, ABSOLUTE)

    **** No section assigned to this execution region ****


    Execution Region ER_ZI (Exec base: 0x20000000, Load base: 0x00000cb4, Size: 0x000002f0, Max: 0xffffffff, ABSOLUTE)

    Exec Addr    Load Addr    Size         Type   Attr      Idx    E Section Name        Object

    0x20000000        -       0x00000060   Zero   RW         1840    .bss                c_w.l(libspace.o)
    0x20000060        -       0x00000004   Zero   RW          449    .bss.pxCurrentTCB   tasks.o
    0x20000064        -       0x00000004   Zero   RW          459    .bss.pxDelayedTaskList  tasks.o
    0x20000068        -       0x00000004   Zero   RW          460    .bss.pxOverflowDelayedTaskList  tasks.o
    0x2000006c        -       0x00000064   Zero   RW          450    .bss.pxReadyTasksLists  tasks.o
    0x200000d0        -       0x00000004   Zero   RW          457    .bss.uxSchedulerSuspended  tasks.o
    0x200000d4        -       0x00000004   Zero   RW          451    .bss.uxTopReadyPriority  tasks.o
    0x200000d8        -       0x00000004   Zero   RW          464    .bss.xNextTaskUnblockTime  tasks.o
    0x200000dc        -       0x00000004   Zero   RW          467    .bss.xNumOfOverflows  tasks.o
    0x200000e0        -       0x00000004   Zero   RW          466    .bss.xPendedTicks   tasks.o
    0x200000e4        -       0x00000004   Zero   RW          458    .bss.xTickCount     tasks.o
    0x200000e8        -       0x00000004   Zero   RW          465    .bss.xYieldPending  tasks.o
    0x200000ec   0x00000cb4   0x00000004   PAD
    0x200000f0        -       0x00000000   Zero   RW          156    HEAP                startup_tm4c123.o
    0x200000f0        -       0x00000200   Zero   RW          155    STACK               startup_tm4c123.o


==============================================================================

Image component sizes


      Code (inc. data)   RO Data    RW Data    ZI Data      Debug   Object Name

        64          0          0          0          0       2343   list.o
       766          0          0          0          0      16010   main.o
       182          8          0          0          0       5098   port.o
       276         24        620          0        512       5460   startup_tm4c123.o
       136          0          0          0          0       6527   system_tm4c123.o
       514          0          0          0        140      38271   tasks.o

    ----------------------------------------------------------------------
      1968         44        636          0        656      73709   Object Totals
         0          0         16          0          0          0   (incl. Generated)
        30         12          0          0          4          0   (incl. Padding)

    ----------------------------------------------------------------------

      Code (inc. data)   RO Data    RW Data    ZI Data      Debug   Library Member Name

         8          0          0          0          0         68   __main.o
         0          0          0          0          0          0   __rtentry.o
        12          0          0          0          0          0   __rtentry2.o
         6          0          0          0          0          0   __rtentry4.o
        52          8          0          0          0          0   __scatter.o
        28          0          0          0          0          0   __scatter_zi.o
        18          0          0          0          0         80   exit.o
         6          0          0          0          0        152   heapauxi.o
         0          0          0          0          0          0   indicate_semi.o
         2          0          0          0          0          0   libinit.o
         6          0          0          0          0          0   libinit2.o
         2          0          0          0          0          0   libshutdown.o
         2          0          0          0          0          0   libshutdown2.o
         8          4          0          0         96         68   libspace.o
         2          0          0          0          0          0   rtexit.o
        10          0          0          0          0          0   rtexit2.o
        12          4          0          0          0         68   sys_exit.o
        74          0          0          0          0         80   sys_stackheap_outer.o
         2          0          0          0          0         68   use_no_semi.o
         0          0          0          0          0       4492   interrupt.o
       334         22          0          0          0       1742   sysctl.o
         4          0          0          0          0        488   timer.o
        24          0          0          0          0       1500   uart.o
        26          0          0          0          0        116   fpinit.o

    ----------------------------------------------------------------------
       648         38          0          0         96       8922   Library Totals
        10          0          0          0          0          0   (incl. Padding)

    ----------------------------------------------------------------------

      Code (inc. data)   RO Data    RW Data    ZI Data      Debug   Library Name

       250         16          0          0         96        584   c_w.l
       362         22          0          0          0       8222   driverlib.lib
        26          0          0          0          0        116   fz_wm.l

    ----------------------------------------------------------------------
       648         38          0          0         96       8922   Library Totals

    ----------------------------------------------------------------------

==============================================================================


      Code (inc. data)   RO Data    RW Data    ZI Data      Debug   

      2616         82        636          0        752      81943   Grand Totals
      2616         82        636          0        752      81943   ELF Image Totals
      2616         82        636          0          0          0   ROM Totals

==============================================================================

    Total RO  Size (Code + RO Data)                 3252 (   3.18kB)
    Total RW  Size (RW Data + ZI Data)               752 (   0.73kB)
    Total ROM Size (Code + RO Data + RW Data)       3252 (   3.18kB)

==============================================================================

